{
  "finding_count": 137,
  "findings": [
    {
      "category": "suspicious",
      "fixable": false,
      "message": "setq assigns place x to itself",
      "path": "broad.lisp",
      "rule": "self-assignment",
      "severity": "error",
      "span": {
        "end": 6885,
        "start": 6875
      }
    },
    {
      "category": "duplicate",
      "fixable": false,
      "message": "setf assigns variable total more than once; the earlier assignment is dead",
      "path": "broad.lisp",
      "rule": "duplicate-setf-places",
      "severity": "error",
      "span": {
        "end": 6983,
        "start": 6961
      }
    },
    {
      "category": "arity",
      "fixable": false,
      "message": "setf has 3 arguments; place/value pairs require an even count",
      "path": "broad.lisp",
      "rule": "setf-arity",
      "severity": "error",
      "span": {
        "end": 7047,
        "start": 7021
      }
    },
    {
      "category": "malformed",
      "fixable": false,
      "message": "setq place (car x) is not a variable",
      "path": "broad.lisp",
      "rule": "setq-non-variable",
      "severity": "error",
      "span": {
        "end": 7099,
        "start": 7092
      }
    },
    {
      "category": "suspicious",
      "fixable": true,
      "message": "setf manually adjusts a variable; use incf",
      "path": "broad.lisp",
      "rule": "manual-incf",
      "severity": "warning",
      "span": {
        "end": 3663,
        "start": 3644
      }
    },
    {
      "category": "suspicious",
      "fixable": true,
      "message": "setf conses onto a variable; use push",
      "path": "broad.lisp",
      "rule": "manual-push",
      "severity": "warning",
      "span": {
        "end": 3733,
        "start": 3710
      }
    },
    {
      "category": "suspicious",
      "fixable": true,
      "message": "setf adjoins onto a variable; use pushnew",
      "path": "broad.lisp",
      "rule": "manual-pushnew",
      "severity": "warning",
      "span": {
        "end": 3799,
        "start": 3776
      }
    },
    {
      "category": "suspicious",
      "fixable": true,
      "message": "incf delta of 1 is the default; (incf x 1) is (incf x)",
      "path": "broad.lisp",
      "rule": "explicit-step-delta",
      "severity": "warning",
      "span": {
        "end": 2787,
        "start": 2773
      }
    },
    {
      "category": "suspicious",
      "fixable": true,
      "message": "negative delta flips the operator; use decf with a positive delta",
      "path": "broad.lisp",
      "rule": "negated-step-delta",
      "severity": "warning",
      "span": {
        "end": 2860,
        "start": 2847
      }
    },
    {
      "category": "suspicious",
      "fixable": true,
      "message": "return-from nil result is the default; drop the redundant nil",
      "path": "broad.lisp",
      "rule": "explicit-nil-return",
      "severity": "warning",
      "span": {
        "end": 2941,
        "start": 2920
      }
    },
    {
      "category": "suspicious",
      "fixable": true,
      "message": "cons onto nil/a list is a list constructor; use list",
      "path": "broad.lisp",
      "rule": "cons-to-list",
      "severity": "warning",
      "span": {
        "end": 1235,
        "start": 1223
      }
    },
    {
      "category": "suspicious",
      "fixable": true,
      "message": "(reverse (reverse x)) is a wasteful copy; use (copy-seq x)",
      "path": "broad.lisp",
      "rule": "double-reverse",
      "severity": "warning",
      "span": {
        "end": 1312,
        "start": 1290
      }
    },
    {
      "category": "arity",
      "fixable": false,
      "message": "incf takes 1 or 2 argument(s) but has 3",
      "path": "broad.lisp",
      "rule": "modify-macro-arity",
      "severity": "error",
      "span": {
        "end": 7176,
        "start": 7158
      }
    },
    {
      "category": "duplicate",
      "fixable": false,
      "message": "scale names parameter factor more than once (2×)",
      "path": "broad.lisp",
      "rule": "duplicate-parameters",
      "severity": "error",
      "span": {
        "end": 7275,
        "start": 7231
      }
    },
    {
      "category": "duplicate",
      "fixable": false,
      "message": "dupkw repeats lambda-list keyword &optional (2×)",
      "path": "broad.lisp",
      "rule": "duplicate-lambda-list-keyword",
      "severity": "error",
      "span": {
        "end": 7347,
        "start": 7306
      }
    },
    {
      "category": "malformed",
      "fixable": false,
      "message": "kworder lists lambda-list keyword &optional after &key",
      "path": "broad.lisp",
      "rule": "lambda-list-keyword-order",
      "severity": "error",
      "span": {
        "end": 7428,
        "start": 7390
      }
    },
    {
      "category": "suspicious",
      "fixable": true,
      "message": "quoting number 5 is redundant",
      "path": "broad.lisp",
      "rule": "redundant-quote",
      "severity": "warning",
      "span": {
        "end": 440,
        "start": 438
      }
    },
    {
      "category": "suspicious",
      "fixable": true,
      "message": "redundant progn: progn wraps a single form; it is equivalent to that form",
      "path": "broad.lisp",
      "rule": "redundant-progn",
      "severity": "warning",
      "span": {
        "end": 514,
        "start": 502
      }
    },
    {
      "category": "suspicious",
      "fixable": true,
      "message": "progn with 2 forms is nested directly in another progn; splice its forms in",
      "path": "broad.lisp",
      "rule": "nested-progn",
      "severity": "warning",
      "span": {
        "end": 592,
        "start": 581
      }
    },
    {
      "category": "suspicious",
      "fixable": true,
      "message": "when whose only body is a when merges by and; (when a (when b c)) is (when (and a b) c)",
      "path": "broad.lisp",
      "rule": "nested-when",
      "severity": "warning",
      "span": {
        "end": 3159,
        "start": 3135
      }
    },
    {
      "category": "suspicious",
      "fixable": true,
      "message": "unless whose only body is an unless merges by or; (unless a (unless b c)) is (unless (or a b) c)",
      "path": "broad.lisp",
      "rule": "nested-unless",
      "severity": "warning",
      "span": {
        "end": 3229,
        "start": 3201
      }
    },
    {
      "category": "suspicious",
      "fixable": true,
      "message": "or nested in a or flattens; its operands splice in",
      "path": "broad.lisp",
      "rule": "nested-boolean",
      "severity": "warning",
      "span": {
        "end": 3083,
        "start": 3073
      }
    },
    {
      "category": "suspicious",
      "fixable": true,
      "message": "nested car/cdr accessors combine into (cadr …)",
      "path": "broad.lisp",
      "rule": "nested-cxr",
      "severity": "warning",
      "span": {
        "end": 3858,
        "start": 3845
      }
    },
    {
      "category": "suspicious",
      "fixable": true,
      "message": "nth with a constant index; use (first …)",
      "path": "broad.lisp",
      "rule": "nth-constant-index",
      "severity": "warning",
      "span": {
        "end": 3920,
        "start": 3910
      }
    },
    {
      "category": "suspicious",
      "fixable": true,
      "message": "nthcdr with a zero count returns the list unchanged; (nthcdr 0 x) is x",
      "path": "broad.lisp",
      "rule": "nthcdr-zero",
      "severity": "warning",
      "span": {
        "end": 3996,
        "start": 3983
      }
    },
    {
      "category": "suspicious",
      "fixable": true,
      "message": "nthcdr with a small count has a named cdr accessor; use (cddr …)",
      "path": "broad.lisp",
      "rule": "nthcdr-small-index",
      "severity": "warning",
      "span": {
        "end": 4062,
        "start": 4049
      }
    },
    {
      "category": "suspicious",
      "fixable": true,
      "message": "progn with 2 forms is a when body; splice its forms in",
      "path": "broad.lisp",
      "rule": "redundant-body-progn",
      "severity": "warning",
      "span": {
        "end": 676,
        "start": 665
      }
    },
    {
      "category": "suspicious",
      "fixable": true,
      "message": "let with no bindings is just progn; (let () body) is (progn body)",
      "path": "broad.lisp",
      "rule": "empty-let",
      "severity": "warning",
      "span": {
        "end": 752,
        "start": 732
      }
    },
    {
      "category": "suspicious",
      "fixable": true,
      "message": "if else branch is a redundant nil; (if c x nil) is (if c x)",
      "path": "broad.lisp",
      "rule": "redundant-if-nil",
      "severity": "warning",
      "span": {
        "end": 808,
        "start": 796
      }
    },
    {
      "category": "suspicious",
      "fixable": true,
      "message": "let* with 1 binding is just let; sequential scope is unused",
      "path": "broad.lisp",
      "rule": "redundant-let-star",
      "severity": "warning",
      "span": {
        "end": 2575,
        "start": 2559
      }
    },
    {
      "category": "suspicious",
      "fixable": true,
      "message": "funcall of #'g is a direct call; (funcall #'g …) is (g …)",
      "path": "broad.lisp",
      "rule": "redundant-funcall",
      "severity": "warning",
      "span": {
        "end": 882,
        "start": 867
      }
    },
    {
      "category": "suspicious",
      "fixable": true,
      "message": "(the t form) is a vacuous type declaration; it is just form",
      "path": "broad.lisp",
      "rule": "redundant-the",
      "severity": "warning",
      "span": {
        "end": 955,
        "start": 939
      }
    },
    {
      "category": "suspicious",
      "fixable": true,
      "message": "funcall of a lambda applies it directly; ((lambda …) …) drops the funcall",
      "path": "broad.lisp",
      "rule": "funcall-lambda",
      "severity": "warning",
      "span": {
        "end": 1035,
        "start": 1007
      }
    },
    {
      "category": "suspicious",
      "fixable": true,
      "message": "#' on a lambda is redundant; #'(lambda …) is (lambda …)",
      "path": "broad.lisp",
      "rule": "sharp-quoted-lambda",
      "severity": "warning",
      "span": {
        "end": 1102,
        "start": 1084
      }
    },
    {
      "category": "suspicious",
      "fixable": true,
      "message": "identity returns its argument unchanged; (identity x) is x",
      "path": "broad.lisp",
      "rule": "redundant-identity",
      "severity": "warning",
      "span": {
        "end": 1162,
        "start": 1150
      }
    },
    {
      "category": "suspicious",
      "fixable": true,
      "message": "apply of #'g to a literal list is a direct call; use (g …)",
      "path": "broad.lisp",
      "rule": "redundant-apply",
      "severity": "warning",
      "span": {
        "end": 4142,
        "start": 4122
      }
    },
    {
      "category": "suspicious",
      "fixable": true,
      "message": "find defaults :test to eql; the explicit :test #'eql is redundant",
      "path": "broad.lisp",
      "rule": "redundant-eql-test",
      "severity": "warning",
      "span": {
        "end": 4218,
        "start": 4192
      }
    },
    {
      "category": "suspicious",
      "fixable": true,
      "message": "sort defaults :key to identity; the explicit :key #'identity is redundant",
      "path": "broad.lisp",
      "rule": "redundant-identity-key",
      "severity": "warning",
      "span": {
        "end": 5482,
        "start": 5452
      }
    },
    {
      "category": "suspicious",
      "fixable": true,
      "message": "when test is (not …); use unless on the un-negated test",
      "path": "broad.lisp",
      "rule": "negated-when-unless",
      "severity": "warning",
      "span": {
        "end": 3519,
        "start": 3503
      }
    },
    {
      "category": "suspicious",
      "fixable": true,
      "message": "negated comparison has a complement operator; use >=",
      "path": "broad.lisp",
      "rule": "negated-comparison",
      "severity": "warning",
      "span": {
        "end": 5612,
        "start": 5599
      }
    },
    {
      "category": "suspicious",
      "fixable": true,
      "message": "if test is negated; (if (not c) a b) is (if c b a)",
      "path": "broad.lisp",
      "rule": "negated-if",
      "severity": "warning",
      "span": {
        "end": 5688,
        "start": 5672
      }
    },
    {
      "category": "suspicious",
      "fixable": true,
      "message": "if returns its test or the else; (if x x y) is (or x y)",
      "path": "broad.lisp",
      "rule": "if-to-or",
      "severity": "warning",
      "span": {
        "end": 5750,
        "start": 5737
      }
    },
    {
      "category": "suspicious",
      "fixable": true,
      "message": "if with then=nil and else=t is a negation; (if test nil t) is (not test)",
      "path": "broad.lisp",
      "rule": "if-not",
      "severity": "warning",
      "span": {
        "end": 5813,
        "start": 5800
      }
    },
    {
      "category": "suspicious",
      "fixable": true,
      "message": "add/subtract of 1 has a shorthand; use 1+",
      "path": "broad.lisp",
      "rule": "one-step-arithmetic",
      "severity": "warning",
      "span": {
        "end": 6164,
        "start": 6155
      }
    },
    {
      "category": "suspicious",
      "fixable": true,
      "message": "if has no else branch; (if test then) is (when test then)",
      "path": "broad.lisp",
      "rule": "one-armed-if",
      "severity": "warning",
      "span": {
        "end": 3585,
        "start": 3577
      }
    },
    {
      "category": "suspicious",
      "fixable": false,
      "message": "eq compares operand status with itself",
      "path": "broad.lisp",
      "rule": "self-comparison",
      "severity": "error",
      "span": {
        "end": 7494,
        "start": 7476
      }
    },
    {
      "category": "suspicious",
      "fixable": true,
      "message": "equal against nil is a null test; use (null X)",
      "path": "broad.lisp",
      "rule": "nil-comparison",
      "severity": "warning",
      "span": {
        "end": 6531,
        "start": 6518
      }
    },
    {
      "category": "suspicious",
      "fixable": false,
      "message": "eq against t matches only the symbol T, not any true value",
      "path": "broad.lisp",
      "rule": "t-comparison",
      "severity": "warning",
      "span": {
        "end": 7576,
        "start": 7558
      }
    },
    {
      "category": "dead-code",
      "fixable": false,
      "message": "if branches are identical: (foo x)",
      "path": "broad.lisp",
      "rule": "identical-if-branches",
      "severity": "error",
      "span": {
        "end": 7632,
        "start": 7607
      }
    },
    {
      "category": "dead-code",
      "fixable": true,
      "message": "if test is the constant t; one branch is dead",
      "path": "broad.lisp",
      "rule": "constant-if-test",
      "severity": "warning",
      "span": {
        "end": 6242,
        "start": 6229
      }
    },
    {
      "category": "dead-code",
      "fixable": true,
      "message": "when test is the constant t; the body always runs, so this is a progn",
      "path": "broad.lisp",
      "rule": "constant-when-test",
      "severity": "warning",
      "span": {
        "end": 6313,
        "start": 6300
      }
    },
    {
      "category": "arity",
      "fixable": false,
      "message": "if takes 2 or 3 arguments but has 4",
      "path": "broad.lisp",
      "rule": "if-arity",
      "severity": "error",
      "span": {
        "end": 6747,
        "start": 6735
      }
    },
    {
      "category": "arity",
      "fixable": false,
      "message": "the takes exactly 2 arguments (a type and a form) but has 1",
      "path": "broad.lisp",
      "rule": "the-arity",
      "severity": "error",
      "span": {
        "end": 7695,
        "start": 7683
      }
    },
    {
      "category": "arity",
      "fixable": false,
      "message": "eq takes exactly 2 arguments but has 1",
      "path": "broad.lisp",
      "rule": "equality-arity",
      "severity": "error",
      "span": {
        "end": 7753,
        "start": 7747
      }
    },
    {
      "category": "arity",
      "fixable": false,
      "message": "gethash takes 2 or 3 argument(s) but has 1",
      "path": "broad.lisp",
      "rule": "accessor-arity",
      "severity": "error",
      "span": {
        "end": 7829,
        "start": 7816
      }
    },
    {
      "category": "suspicious",
      "fixable": true,
      "message": "a one-element append is just a cons; (append (list x) rest) is (cons x rest)",
      "path": "broad.lisp",
      "rule": "append-list-to-cons",
      "severity": "warning",
      "span": {
        "end": 1380,
        "start": 1359
      }
    },
    {
      "category": "suspicious",
      "fixable": true,
      "message": "format to a string is just princ-to-string; use (princ-to-string x)",
      "path": "broad.lisp",
      "rule": "format-to-string",
      "severity": "warning",
      "span": {
        "end": 1453,
        "start": 1433
      }
    },
    {
      "category": "suspicious",
      "fixable": true,
      "message": "(format t \"~%\") just writes a newline; use (terpri)",
      "path": "broad.lisp",
      "rule": "format-newline",
      "severity": "warning",
      "span": {
        "end": 1519,
        "start": 1504
      }
    },
    {
      "category": "suspicious",
      "fixable": true,
      "message": "the divisor defaults to 1; (floor x 1) is (floor x)",
      "path": "broad.lisp",
      "rule": "redundant-divisor",
      "severity": "warning",
      "span": {
        "end": 1585,
        "start": 1573
      }
    },
    {
      "category": "duplicate",
      "fixable": false,
      "message": "case repeats key :a (2×)",
      "path": "broad.lisp",
      "rule": "duplicate-case-keys",
      "severity": "error",
      "span": {
        "end": 7914,
        "start": 7885
      }
    },
    {
      "category": "suspicious",
      "fixable": false,
      "message": "case key 'apple is quoted; case keys are not evaluated",
      "path": "broad.lisp",
      "rule": "quoted-case-key",
      "severity": "error",
      "span": {
        "end": 7976,
        "start": 7970
      }
    },
    {
      "category": "suspicious",
      "fixable": false,
      "message": "case key 'carrot is quoted; case keys are not evaluated",
      "path": "broad.lisp",
      "rule": "quoted-case-key",
      "severity": "error",
      "span": {
        "end": 7993,
        "start": 7986
      }
    },
    {
      "category": "dead-code",
      "fixable": false,
      "message": "case clause key nil is the empty key list and never matches; use ((nil) …)",
      "path": "broad.lisp",
      "rule": "case-nil-key",
      "severity": "error",
      "span": {
        "end": 8041,
        "start": 8038
      }
    },
    {
      "category": "dead-code",
      "fixable": false,
      "message": "typecase clause type nil is the empty type and never matches; use null",
      "path": "broad.lisp",
      "rule": "typecase-nil-key",
      "severity": "error",
      "span": {
        "end": 8112,
        "start": 8109
      }
    },
    {
      "category": "malformed",
      "fixable": false,
      "message": "case clause 2 is not a non-empty list",
      "path": "broad.lisp",
      "rule": "malformed-case-clause",
      "severity": "error",
      "span": {
        "end": 8185,
        "start": 8184
      }
    },
    {
      "category": "malformed",
      "fixable": false,
      "message": "case clause :two is not a non-empty list",
      "path": "broad.lisp",
      "rule": "malformed-case-clause",
      "severity": "error",
      "span": {
        "end": 8190,
        "start": 8186
      }
    },
    {
      "category": "dead-code",
      "fixable": false,
      "message": "case has 1 unreachable clause(s) after a t/otherwise catch-all",
      "path": "broad.lisp",
      "rule": "unreachable-case-clause",
      "severity": "error",
      "span": {
        "end": 8277,
        "start": 8269
      }
    },
    {
      "category": "malformed",
      "fixable": false,
      "message": "ecase does not permit a t clause (it is exhaustive)",
      "path": "broad.lisp",
      "rule": "exhaustive-case-otherwise",
      "severity": "error",
      "span": {
        "end": 8351,
        "start": 8339
      }
    },
    {
      "category": "duplicate",
      "fixable": false,
      "message": "cond repeats test (foo) (2×)",
      "path": "broad.lisp",
      "rule": "duplicate-cond-tests",
      "severity": "error",
      "span": {
        "end": 8437,
        "start": 8401
      }
    },
    {
      "category": "dead-code",
      "fixable": false,
      "message": "cond has 1 unreachable clause(s) after a t clause",
      "path": "broad.lisp",
      "rule": "unreachable-cond-clause",
      "severity": "error",
      "span": {
        "end": 8507,
        "start": 8498
      }
    },
    {
      "category": "malformed",
      "fixable": false,
      "message": "cond clause :zero is not a non-empty list",
      "path": "broad.lisp",
      "rule": "malformed-cond-clause",
      "severity": "error",
      "span": {
        "end": 8600,
        "start": 8595
      }
    },
    {
      "category": "duplicate",
      "fixable": false,
      "message": "let binds x more than once (2×)",
      "path": "broad.lisp",
      "rule": "duplicate-let-bindings",
      "severity": "error",
      "span": {
        "end": 8657,
        "start": 8630
      }
    },
    {
      "category": "malformed",
      "fixable": false,
      "message": "let binding (x 1 y 2) has 4 elements; expected a symbol or (var value)",
      "path": "broad.lisp",
      "rule": "malformed-let-binding",
      "severity": "error",
      "span": {
        "end": 8722,
        "start": 8713
      }
    },
    {
      "category": "malformed",
      "fixable": false,
      "message": "let cannot bind the constant nil",
      "path": "broad.lisp",
      "rule": "binds-constant",
      "severity": "error",
      "span": {
        "end": 8796,
        "start": 8789
      }
    },
    {
      "category": "malformed",
      "fixable": false,
      "message": "let cannot bind the constant :status",
      "path": "broad.lisp",
      "rule": "binds-constant",
      "severity": "error",
      "span": {
        "end": 8810,
        "start": 8797
      }
    },
    {
      "category": "malformed",
      "fixable": false,
      "message": "dolist spec (x) must be (var form [result])",
      "path": "broad.lisp",
      "rule": "malformed-iteration-spec",
      "severity": "error",
      "span": {
        "end": 8863,
        "start": 8860
      }
    },
    {
      "category": "malformed",
      "fixable": false,
      "message": "eval-when situation :executee is not valid",
      "path": "broad.lisp",
      "rule": "eval-when-situation",
      "severity": "error",
      "span": {
        "end": 8970,
        "start": 8961
      }
    },
    {
      "category": "duplicate",
      "fixable": false,
      "message": "or repeats operand x (2×)",
      "path": "broad.lisp",
      "rule": "duplicate-boolean-operands",
      "severity": "error",
      "span": {
        "end": 9015,
        "start": 9005
      }
    },
    {
      "category": "dead-code",
      "fixable": false,
      "message": "and short-circuits at literal nil; later operands are dead",
      "path": "broad.lisp",
      "rule": "dead-boolean-operand",
      "severity": "error",
      "span": {
        "end": 9118,
        "start": 9086
      }
    },
    {
      "category": "suspicious",
      "fixable": true,
      "message": "and has a redundant t operand; drop it",
      "path": "broad.lisp",
      "rule": "redundant-boolean-identity",
      "severity": "warning",
      "span": {
        "end": 6384,
        "start": 6373
      }
    },
    {
      "category": "suspicious",
      "fixable": true,
      "message": "and of negations collapses by De Morgan to (not (or …))",
      "path": "broad.lisp",
      "rule": "de-morgan",
      "severity": "warning",
      "span": {
        "end": 6475,
        "start": 6454
      }
    },
    {
      "category": "suspicious",
      "fixable": true,
      "message": "and has a single operand; (and X) is just X",
      "path": "broad.lisp",
      "rule": "single-operand-boolean",
      "severity": "warning",
      "span": {
        "end": 3276,
        "start": 3269
      }
    },
    {
      "category": "suspicious",
      "fixable": true,
      "message": "append of one argument returns it unchanged; (append x) is x",
      "path": "broad.lisp",
      "rule": "single-operand-list-op",
      "severity": "warning",
      "span": {
        "end": 3359,
        "start": 3346
      }
    },
    {
      "category": "suspicious",
      "fixable": true,
      "message": "* has a single operand; (* X) is just X",
      "path": "broad.lisp",
      "rule": "single-operand-arithmetic",
      "severity": "warning",
      "span": {
        "end": 3428,
        "start": 3423
      }
    },
    {
      "category": "suspicious",
      "fixable": false,
      "message": "eql compares against string literal \"root\"",
      "path": "broad.lisp",
      "rule": "eql-string-comparison",
      "severity": "error",
      "span": {
        "end": 9184,
        "start": 9167
      }
    },
    {
      "category": "suspicious",
      "fixable": false,
      "message": "eql compares against quoted list literal (:a :b)",
      "path": "broad.lisp",
      "rule": "eql-list-comparison",
      "severity": "error",
      "span": {
        "end": 9259,
        "start": 9243
      }
    },
    {
      "category": "suspicious",
      "fixable": false,
      "message": "member searches for literal \"x\" with the default eql test; add :test",
      "path": "broad.lisp",
      "rule": "eql-search-literal",
      "severity": "error",
      "span": {
        "end": 9354,
        "start": 9336
      }
    },
    {
      "category": "suspicious",
      "fixable": true,
      "message": "eq compares against number literal 7",
      "path": "broad.lisp",
      "rule": "eq-number-comparison",
      "severity": "error",
      "span": {
        "end": 6595,
        "start": 6587
      }
    },
    {
      "category": "suspicious",
      "fixable": true,
      "message": "eq compares against character literal #\\a; use eql or char=",
      "path": "broad.lisp",
      "rule": "eq-char-comparison",
      "severity": "error",
      "span": {
        "end": 6672,
        "start": 6662
      }
    },
    {
      "category": "suspicious",
      "fixable": false,
      "message": "< has a single argument; the comparison is always true (missing an operand?)",
      "path": "broad.lisp",
      "rule": "single-arg-comparison",
      "severity": "error",
      "span": {
        "end": 9416,
        "start": 9411
      }
    },
    {
      "category": "suspicious",
      "fixable": true,
      "message": "comparison against 0 has a dedicated predicate; use zerop",
      "path": "broad.lisp",
      "rule": "sign-comparison",
      "severity": "warning",
      "span": {
        "end": 5540,
        "start": 5529
      }
    },
    {
      "category": "suspicious",
      "fixable": true,
      "message": "single-clause cond with a body is just when; (cond (test a b)) is (when test a b)",
      "path": "broad.lisp",
      "rule": "single-clause-cond",
      "severity": "warning",
      "span": {
        "end": 2649,
        "start": 2632
      }
    },
    {
      "category": "suspicious",
      "fixable": true,
      "message": "single t-clause cond is just progn; (cond (t a b)) is (progn a b)",
      "path": "broad.lisp",
      "rule": "cond-t-clause",
      "severity": "warning",
      "span": {
        "end": 2725,
        "start": 2705
      }
    },
    {
      "category": "suspicious",
      "fixable": true,
      "message": "multiple-value-bind of one variable is just let; (multiple-value-bind (x) f body) is (let ((x f)) body)",
      "path": "broad.lisp",
      "rule": "single-value-bind",
      "severity": "warning",
      "span": {
        "end": 3030,
        "start": 2994
      }
    },
    {
      "category": "suspicious",
      "fixable": false,
      "message": "format destination is the string literal \"~a~%\"; a nil/t/stream destination is missing",
      "path": "broad.lisp",
      "rule": "format-missing-destination",
      "severity": "error",
      "span": {
        "end": 9500,
        "start": 9483
      }
    },
    {
      "category": "malformed",
      "fixable": false,
      "message": "incf place 5 is a literal and cannot be modified",
      "path": "broad.lisp",
      "rule": "literal-place",
      "severity": "error",
      "span": {
        "end": 9568,
        "start": 9560
      }
    },
    {
      "category": "suspicious",
      "fixable": false,
      "message": "nreverse destructively modifies quoted literal (a b c) (undefined behavior)",
      "path": "broad.lisp",
      "rule": "destructive-literal",
      "severity": "error",
      "span": {
        "end": 9647,
        "start": 9628
      }
    },
    {
      "category": "malformed",
      "fixable": false,
      "message": "char= is given string literal \"a\"; it requires a character (type error)",
      "path": "broad.lisp",
      "rule": "char-op-string",
      "severity": "error",
      "span": {
        "end": 9724,
        "start": 9711
      }
    },
    {
      "category": "suspicious",
      "fixable": false,
      "message": "when has no body; the test/spec runs, then nothing",
      "path": "broad.lisp",
      "rule": "empty-body",
      "severity": "warning",
      "span": {
        "end": 9790,
        "start": 9778
      }
    },
    {
      "category": "suspicious",
      "fixable": false,
      "message": "+ has a redundant identity operand 0 (it does nothing)",
      "path": "broad.lisp",
      "rule": "identity-arithmetic",
      "severity": "warning",
      "span": {
        "end": 9847,
        "start": 9840
      }
    },
    {
      "category": "suspicious",
      "fixable": true,
      "message": "negation written the long way; use (- x)",
      "path": "broad.lisp",
      "rule": "verbose-negation",
      "severity": "warning",
      "span": {
        "end": 1654,
        "start": 1645
      }
    },
    {
      "category": "suspicious",
      "fixable": true,
      "message": "a two-argument list* is just a cons; (list* a b) is (cons a b)",
      "path": "broad.lisp",
      "rule": "list-star-to-cons",
      "severity": "warning",
      "span": {
        "end": 1729,
        "start": 1716
      }
    },
    {
      "category": "suspicious",
      "fixable": true,
      "message": "values-list of a fresh list is just values; (values-list (list a b)) is (values a b)",
      "path": "broad.lisp",
      "rule": "values-list-of-list",
      "severity": "warning",
      "span": {
        "end": 1814,
        "start": 1788
      }
    },
    {
      "category": "suspicious",
      "fixable": true,
      "message": "a prog1 wrapping a single form is just that form; (prog1 x) is x",
      "path": "broad.lisp",
      "rule": "redundant-prog1",
      "severity": "warning",
      "span": {
        "end": 1875,
        "start": 1862
      }
    },
    {
      "category": "suspicious",
      "fixable": true,
      "message": "a subseq from index 0 copies the whole sequence; (subseq seq 0) is (copy-seq seq)",
      "path": "broad.lisp",
      "rule": "subseq-zero",
      "severity": "warning",
      "span": {
        "end": 1945,
        "start": 1932
      }
    },
    {
      "category": "suspicious",
      "fixable": true,
      "message": "car of an nthcdr is nth; (car (nthcdr n x)) is (nth n x)",
      "path": "broad.lisp",
      "rule": "car-nthcdr",
      "severity": "warning",
      "span": {
        "end": 2018,
        "start": 1998
      }
    },
    {
      "category": "suspicious",
      "fixable": true,
      "message": "car of a reverse copies the whole list to read one element; use (car (last x))",
      "path": "broad.lisp",
      "rule": "car-reverse",
      "severity": "warning",
      "span": {
        "end": 2082,
        "start": 2063
      }
    },
    {
      "category": "suspicious",
      "fixable": true,
      "message": "append with a nil tail is a fresh copy; (append x nil) is (copy-list x)",
      "path": "broad.lisp",
      "rule": "append-nil",
      "severity": "warning",
      "span": {
        "end": 2145,
        "start": 2129
      }
    },
    {
      "category": "suspicious",
      "fixable": true,
      "message": "multiple-value-list of a values form is just list; (multiple-value-list (values a b)) is (list a b)",
      "path": "broad.lisp",
      "rule": "multiple-value-list-of-values",
      "severity": "warning",
      "span": {
        "end": 2232,
        "start": 2194
      }
    },
    {
      "category": "suspicious",
      "fixable": true,
      "message": "typep against this type has a dedicated predicate; use (stringp x)",
      "path": "broad.lisp",
      "rule": "typep-predicate",
      "severity": "warning",
      "span": {
        "end": 2297,
        "start": 2278
      }
    },
    {
      "category": "suspicious",
      "fixable": true,
      "message": "coerce to type t returns the object unchanged; (coerce x t) is x",
      "path": "broad.lisp",
      "rule": "coerce-to-t",
      "severity": "warning",
      "span": {
        "end": 2362,
        "start": 2348
      }
    },
    {
      "category": "suspicious",
      "fixable": true,
      "message": "the gethash default is nil; (gethash k h nil) is (gethash k h)",
      "path": "broad.lisp",
      "rule": "gethash-default",
      "severity": "warning",
      "span": {
        "end": 2435,
        "start": 2414
      }
    },
    {
      "category": "suspicious",
      "fixable": true,
      "message": "the make-hash-table :test defaults to eql; drop the explicit :test 'eql",
      "path": "broad.lisp",
      "rule": "make-hash-table-test",
      "severity": "warning",
      "span": {
        "end": 2512,
        "start": 2484
      }
    },
    {
      "category": "suspicious",
      "fixable": false,
      "message": "/ by a literal 0 always signals division-by-zero",
      "path": "broad.lisp",
      "rule": "zero-divisor",
      "severity": "warning",
      "span": {
        "end": 9899,
        "start": 9892
      }
    },
    {
      "category": "duplicate",
      "fixable": false,
      "message": "keyword :x is passed more than once; the leftmost value wins",
      "path": "broad.lisp",
      "rule": "duplicate-keyword",
      "severity": "warning",
      "span": {
        "end": 9987,
        "start": 9959
      }
    },
    {
      "category": "malformed",
      "fixable": false,
      "message": "defpackage does not evaluate its options; drop the quote in the :export clause",
      "path": "broad.lisp",
      "rule": "defpackage-quoted",
      "severity": "warning",
      "span": {
        "end": 10063,
        "start": 10031
      }
    },
    {
      "category": "suspicious",
      "fixable": false,
      "message": "incf by 0 is a no-op that changes nothing",
      "path": "broad.lisp",
      "rule": "step-zero",
      "severity": "warning",
      "span": {
        "end": 10119,
        "start": 10103
      }
    },
    {
      "category": "suspicious",
      "fixable": true,
      "message": "an if with a nil then-branch is an unless; (if c nil e) is (unless c e)",
      "path": "broad.lisp",
      "rule": "if-to-unless",
      "severity": "warning",
      "span": {
        "end": 5878,
        "start": 5861
      }
    },
    {
      "category": "suspicious",
      "fixable": true,
      "message": "a two-form prog2 is just progn; (prog2 a b) is (progn a b)",
      "path": "broad.lisp",
      "rule": "prog2-to-progn",
      "severity": "warning",
      "span": {
        "end": 5947,
        "start": 5928
      }
    },
    {
      "category": "suspicious",
      "fixable": true,
      "message": "a handler-case with no clauses is just its body; (handler-case x) is x",
      "path": "broad.lisp",
      "rule": "handler-case-no-clauses",
      "severity": "warning",
      "span": {
        "end": 6017,
        "start": 5997
      }
    },
    {
      "category": "suspicious",
      "fixable": true,
      "message": "an unwind-protect with no cleanup is just its body; (unwind-protect x) is x",
      "path": "broad.lisp",
      "rule": "unwind-protect-no-cleanup",
      "severity": "warning",
      "span": {
        "end": 6097,
        "start": 6075
      }
    },
    {
      "category": "suspicious",
      "fixable": true,
      "message": "find :start defaults to 0; drop the explicit :start 0",
      "path": "broad.lisp",
      "rule": "redundant-start-zero",
      "severity": "warning",
      "span": {
        "end": 4288,
        "start": 4265
      }
    },
    {
      "category": "suspicious",
      "fixable": true,
      "message": "find :end defaults to nil; drop the explicit :end nil",
      "path": "broad.lisp",
      "rule": "redundant-end-nil",
      "severity": "warning",
      "span": {
        "end": 4363,
        "start": 4340
      }
    },
    {
      "category": "suspicious",
      "fixable": true,
      "message": "find :from-end defaults to nil; drop the explicit :from-end nil",
      "path": "broad.lisp",
      "rule": "redundant-from-end-nil",
      "severity": "warning",
      "span": {
        "end": 4440,
        "start": 4412
      }
    },
    {
      "category": "suspicious",
      "fixable": true,
      "message": "remove :count defaults to nil; drop the explicit :count nil",
      "path": "broad.lisp",
      "rule": "redundant-count-nil",
      "severity": "warning",
      "span": {
        "end": 4516,
        "start": 4489
      }
    },
    {
      "category": "suspicious",
      "fixable": true,
      "message": "case-folding both sides of string= is case-insensitive; use string-equal",
      "path": "broad.lisp",
      "rule": "string-case-fold",
      "severity": "warning",
      "span": {
        "end": 4614,
        "start": 4563
      }
    },
    {
      "category": "suspicious",
      "fixable": true,
      "message": "case-folding both sides of char= is case-insensitive; use char-equal",
      "path": "broad.lisp",
      "rule": "char-case-fold",
      "severity": "warning",
      "span": {
        "end": 4679,
        "start": 4634
      }
    },
    {
      "category": "suspicious",
      "fixable": true,
      "message": "the outer string case op dominates; the inner one is dead work",
      "path": "broad.lisp",
      "rule": "nested-string-case",
      "severity": "warning",
      "span": {
        "end": 4740,
        "start": 4703
      }
    },
    {
      "category": "suspicious",
      "fixable": true,
      "message": "code-char of char-code is a round-trip; (code-char (char-code c)) is c",
      "path": "broad.lisp",
      "rule": "code-char-char-code",
      "severity": "warning",
      "span": {
        "end": 4803,
        "start": 4776
      }
    },
    {
      "category": "suspicious",
      "fixable": true,
      "message": "explicit count of 1 restates last's default; (last x 1) is (last x)",
      "path": "broad.lisp",
      "rule": "last-default-count",
      "severity": "warning",
      "span": {
        "end": 4862,
        "start": 4850
      }
    },
    {
      "category": "suspicious",
      "fixable": true,
      "message": "explicit count of 1 restates butlast's default; (butlast x 1) is (butlast x)",
      "path": "broad.lisp",
      "rule": "butlast-default-count",
      "severity": "warning",
      "span": {
        "end": 4938,
        "start": 4923
      }
    },
    {
      "category": "suspicious",
      "fixable": true,
      "message": "explicit :initial-element nil restates make-list's default; drop it",
      "path": "broad.lisp",
      "rule": "make-list-default-element",
      "severity": "warning",
      "span": {
        "end": 5035,
        "start": 4999
      }
    },
    {
      "category": "suspicious",
      "fixable": true,
      "message": "explicit :radix 10 restates parse-integer's default; drop it",
      "path": "broad.lisp",
      "rule": "parse-integer-default-radix",
      "severity": "warning",
      "span": {
        "end": 5108,
        "start": 5079
      }
    },
    {
      "category": "suspicious",
      "fixable": true,
      "message": "explicit nil default restates getf's default; (getf p k nil) is (getf p k)",
      "path": "broad.lisp",
      "rule": "getf-default-nil",
      "severity": "warning",
      "span": {
        "end": 5180,
        "start": 5161
      }
    },
    {
      "category": "suspicious",
      "fixable": true,
      "message": "explicit :adjustable nil restates make-array's default; drop it",
      "path": "broad.lisp",
      "rule": "make-array-default-keyword",
      "severity": "warning",
      "span": {
        "end": 5265,
        "start": 5232
      }
    },
    {
      "category": "suspicious",
      "fixable": true,
      "message": "the outer char case op dominates; the inner one is dead work",
      "path": "broad.lisp",
      "rule": "nested-char-case",
      "severity": "warning",
      "span": {
        "end": 5346,
        "start": 5313
      }
    },
    {
      "category": "suspicious",
      "fixable": true,
      "message": "list* with a nil tail is a spelled-out list; (list* a b nil) is (list a b)",
      "path": "broad.lisp",
      "rule": "list-star-nil",
      "severity": "warning",
      "span": {
        "end": 5405,
        "start": 5384
      }
    }
  ],
  "per_rule": [
    {
      "category": "suspicious",
      "count": 1,
      "description": "a setq/setf/psetq/psetf that assigns a place to itself",
      "rule": "self-assignment"
    },
    {
      "category": "duplicate",
      "count": 1,
      "description": "a setf/setq/psetf/psetq that assigns the same variable more than once ((setf a 1 a 2))",
      "rule": "duplicate-setf-places"
    },
    {
      "category": "arity",
      "count": 1,
      "description": "a setq/setf/psetq/psetf with an odd argument count",
      "rule": "setf-arity"
    },
    {
      "category": "malformed",
      "count": 1,
      "description": "a setq/psetq place that is not a variable (a list, literal, or constant)",
      "rule": "setq-non-variable"
    },
    {
      "category": "suspicious",
      "count": 1,
      "description": "a setf/setq that manually increments a variable ((setf x (1+ x)) is (incf x))",
      "rule": "manual-incf"
    },
    {
      "category": "suspicious",
      "count": 1,
      "description": "a setf/setq that manually conses onto a variable ((setf x (cons e x)) is (push e x))",
      "rule": "manual-push"
    },
    {
      "category": "suspicious",
      "count": 1,
      "description": "a setf/setq that manually adjoins onto a variable ((setf x (adjoin e x)) is (pushnew e x))",
      "rule": "manual-pushnew"
    },
    {
      "category": "suspicious",
      "count": 1,
      "description": "an incf/decf with an explicit delta of 1, the default ((incf x 1) is (incf x))",
      "rule": "explicit-step-delta"
    },
    {
      "category": "suspicious",
      "count": 1,
      "description": "an incf/decf with a negative literal delta, which flips the operator ((incf x -1) is (decf x))",
      "rule": "negated-step-delta"
    },
    {
      "category": "suspicious",
      "count": 1,
      "description": "a return/return-from with an explicit nil result, the default ((return nil) is (return))",
      "rule": "explicit-nil-return"
    },
    {
      "category": "suspicious",
      "count": 1,
      "description": "a cons onto nil or a list literal ((cons a nil) is (list a); (cons a (list b)) is (list a b))",
      "rule": "cons-to-list"
    },
    {
      "category": "suspicious",
      "count": 1,
      "description": "a (reverse (reverse x)), a wasteful obfuscated copy ((reverse (reverse x)) is (copy-seq x))",
      "rule": "double-reverse"
    },
    {
      "category": "arity",
      "count": 1,
      "description": "an incf/decf/push/pop call with the wrong number of arguments",
      "rule": "modify-macro-arity"
    },
    {
      "category": "duplicate",
      "count": 1,
      "description": "a lambda list that names the same parameter more than once",
      "rule": "duplicate-parameters"
    },
    {
      "category": "duplicate",
      "count": 1,
      "description": "a lambda list that repeats a lambda-list keyword (&optional, &key, ...)",
      "rule": "duplicate-lambda-list-keyword"
    },
    {
      "category": "malformed",
      "count": 1,
      "description": "lambda-list keywords out of the canonical &optional/&rest/&key/&aux order",
      "rule": "lambda-list-keyword-order"
    },
    {
      "category": "suspicious",
      "count": 1,
      "description": "a self-evaluating literal (number/string/char/keyword) quoted redundantly",
      "rule": "redundant-quote"
    },
    {
      "category": "suspicious",
      "count": 1,
      "description": "a progn that is empty or wraps a single form (progn X is just X)",
      "rule": "redundant-progn"
    },
    {
      "category": "suspicious",
      "count": 1,
      "description": "a multi-form progn nested directly inside another progn (its forms splice in)",
      "rule": "nested-progn"
    },
    {
      "category": "suspicious",
      "count": 1,
      "description": "a when whose only body is a when, mergeable by and ((when a (when b c)) is (when (and a b) c))",
      "rule": "nested-when"
    },
    {
      "category": "suspicious",
      "count": 1,
      "description": "an unless whose only body is an unless, mergeable by or ((unless a (unless b c)) is (unless (or a b) c))",
      "rule": "nested-unless"
    },
    {
      "category": "suspicious",
      "count": 1,
      "description": "a same-operator and/or nested in an and/or, which flattens ((or a (or b c)) is (or a b c))",
      "rule": "nested-boolean"
    },
    {
      "category": "suspicious",
      "count": 1,
      "description": "nested car/cdr accessors that combine into one ((car (cdr x)) is (cadr x))",
      "rule": "nested-cxr"
    },
    {
      "category": "suspicious",
      "count": 1,
      "description": "an nth with a small constant index that has an ordinal accessor ((nth 0 x) is (first x))",
      "rule": "nth-constant-index"
    },
    {
      "category": "suspicious",
      "count": 1,
      "description": "an nthcdr with a zero count, which returns the list unchanged ((nthcdr 0 x) is x)",
      "rule": "nthcdr-zero"
    },
    {
      "category": "suspicious",
      "count": 1,
      "description": "an nthcdr with a 1-4 count that has a named cdr accessor ((nthcdr 2 x) is (cddr x))",
      "rule": "nthcdr-small-index"
    },
    {
      "category": "suspicious",
      "count": 1,
      "description": "a multi-form progn used as a when/unless/let/defun/... body (its forms splice in)",
      "rule": "redundant-body-progn"
    },
    {
      "category": "suspicious",
      "count": 1,
      "description": "a let with an empty binding list, which is just progn ((let () body) is (progn body))",
      "rule": "empty-let"
    },
    {
      "category": "suspicious",
      "count": 1,
      "description": "a three-argument if whose else branch is a redundant literal nil ((if c x nil) is (if c x))",
      "rule": "redundant-if-nil"
    },
    {
      "category": "suspicious",
      "count": 1,
      "description": "a let* with zero or one binding, which is just let (no sequential scope in play)",
      "rule": "redundant-let-star"
    },
    {
      "category": "suspicious",
      "count": 1,
      "description": "a funcall of a sharp-quoted symbol ((funcall #'foo a b) is just (foo a b))",
      "rule": "redundant-funcall"
    },
    {
      "category": "suspicious",
      "count": 1,
      "description": "a (the t form) type declaration, which is vacuous and is just form (t matches every object)",
      "rule": "redundant-the"
    },
    {
      "category": "suspicious",
      "count": 1,
      "description": "a funcall of a lambda form, which applies directly ((funcall (lambda (x) x) a) is ((lambda (x) x) a))",
      "rule": "funcall-lambda"
    },
    {
      "category": "suspicious",
      "count": 1,
      "description": "a lambda form with a redundant #' prefix (#'(lambda (x) x) is (lambda (x) x))",
      "rule": "sharp-quoted-lambda"
    },
    {
      "category": "suspicious",
      "count": 1,
      "description": "an identity call, which returns its argument unchanged ((identity x) is just x)",
      "rule": "redundant-identity"
    },
    {
      "category": "suspicious",
      "count": 1,
      "description": "an apply of a sharp-quoted symbol to a literal list ((apply #'foo (list a b)) is (foo a b))",
      "rule": "redundant-apply"
    },
    {
      "category": "suspicious",
      "count": 1,
      "description": "an eql-defaulting call with an explicit :test #'eql, the default ((find x l :test #'eql) is (find x l))",
      "rule": "redundant-eql-test"
    },
    {
      "category": "suspicious",
      "count": 1,
      "description": "a :key-taking call with an explicit :key #'identity/nil, the default ((sort xs #'< :key #'identity) is (sort xs #'<))",
      "rule": "redundant-identity-key"
    },
    {
      "category": "suspicious",
      "count": 1,
      "description": "a when/unless whose test is a (not X)/(null X) negation (flip the macro instead)",
      "rule": "negated-when-unless"
    },
    {
      "category": "suspicious",
      "count": 1,
      "description": "a not/null of a two-argument numeric comparison ((not (= a b)) is (/= a b))",
      "rule": "negated-comparison"
    },
    {
      "category": "suspicious",
      "count": 1,
      "description": "a three-argument if with a negated test ((if (not c) a b) is (if c b a))",
      "rule": "negated-if"
    },
    {
      "category": "suspicious",
      "count": 1,
      "description": "an if whose test and then are the same atom ((if x x y) is (or x y))",
      "rule": "if-to-or"
    },
    {
      "category": "suspicious",
      "count": 1,
      "description": "a three-argument if with then=nil and else=t ((if test nil t) is (not test))",
      "rule": "if-not"
    },
    {
      "category": "suspicious",
      "count": 1,
      "description": "a +/- of a literal 1 with a shorthand ((+ x 1) is (1+ x); (- x 1) is (1- x))",
      "rule": "one-step-arithmetic"
    },
    {
      "category": "suspicious",
      "count": 1,
      "description": "a two-argument if with no else branch ((if test then) is (when test then))",
      "rule": "one-armed-if"
    },
    {
      "category": "suspicious",
      "count": 1,
      "description": "a comparison whose two operands are structurally identical",
      "rule": "self-comparison"
    },
    {
      "category": "suspicious",
      "count": 1,
      "description": "an eq/eql/equal/equalp comparison against nil ((eq x nil) is just (null x))",
      "rule": "nil-comparison"
    },
    {
      "category": "suspicious",
      "count": 1,
      "description": "an eq/eql/equal/equalp comparison against t (only matches the symbol T, not any true value)",
      "rule": "t-comparison"
    },
    {
      "category": "dead-code",
      "count": 1,
      "description": "an if whose then and else branches are structurally identical",
      "rule": "identical-if-branches"
    },
    {
      "category": "dead-code",
      "count": 1,
      "description": "an if whose test is the literal t or nil ((if t a b) is a; (if nil a b) is b)",
      "rule": "constant-if-test"
    },
    {
      "category": "dead-code",
      "count": 1,
      "description": "a when/unless with a literal t/nil test ((when t b) is (progn b); (when nil b) is nil)",
      "rule": "constant-when-test"
    },
    {
      "category": "arity",
      "count": 1,
      "description": "an if with the wrong number of arguments (Common Lisp if takes 2 or 3)",
      "rule": "if-arity"
    },
    {
      "category": "arity",
      "count": 1,
      "description": "a the special form without exactly two arguments (a type and a form)",
      "rule": "the-arity"
    },
    {
      "category": "arity",
      "count": 1,
      "description": "an eq/eql/equal/equalp call without exactly two arguments",
      "rule": "equality-arity"
    },
    {
      "category": "arity",
      "count": 1,
      "description": "an nth/elt/gethash/getf/... accessor with the wrong number of arguments",
      "rule": "accessor-arity"
    },
    {
      "category": "suspicious",
      "count": 1,
      "description": "a one-element append that is just a cons ((append (list x) rest) is (cons x rest))",
      "rule": "append-list-to-cons"
    },
    {
      "category": "suspicious",
      "count": 1,
      "description": "a (format nil \"~A\"/\"~S\" x), which is (princ-to-string x)/(prin1-to-string x)",
      "rule": "format-to-string"
    },
    {
      "category": "suspicious",
      "count": 1,
      "description": "a (format t \"~%\"), which is just (terpri) (write a newline to standard output)",
      "rule": "format-newline"
    },
    {
      "category": "suspicious",
      "count": 1,
      "description": "a quotient op with a redundant divisor of 1 ((floor x 1) is (floor x))",
      "rule": "redundant-divisor"
    },
    {
      "category": "duplicate",
      "count": 1,
      "description": "a case/ecase/ccase key repeated across more than one clause",
      "rule": "duplicate-case-keys"
    },
    {
      "category": "suspicious",
      "count": 2,
      "description": "a case/ecase/ccase clause with a quoted key ('a matches quote and a, not a)",
      "rule": "quoted-case-key"
    },
    {
      "category": "dead-code",
      "count": 1,
      "description": "a case/ecase/ccase clause with a bare nil key, which is the empty key list and never matches (use ((nil) …))",
      "rule": "case-nil-key"
    },
    {
      "category": "dead-code",
      "count": 1,
      "description": "a typecase/etypecase/ctypecase clause with a bare nil type, which is the empty type and never matches (use null)",
      "rule": "typecase-nil-key"
    },
    {
      "category": "malformed",
      "count": 2,
      "description": "a case/typecase clause that is not a non-empty list",
      "rule": "malformed-case-clause"
    },
    {
      "category": "dead-code",
      "count": 1,
      "description": "a case/typecase clause after a t/otherwise catch-all that can never run",
      "rule": "unreachable-case-clause"
    },
    {
      "category": "malformed",
      "count": 1,
      "description": "an ecase/ccase/etypecase/ctypecase with a forbidden t/otherwise clause",
      "rule": "exhaustive-case-otherwise"
    },
    {
      "category": "duplicate",
      "count": 1,
      "description": "a cond test expression repeated across more than one clause",
      "rule": "duplicate-cond-tests"
    },
    {
      "category": "dead-code",
      "count": 1,
      "description": "a cond clause after a t catch-all that can never run",
      "rule": "unreachable-cond-clause"
    },
    {
      "category": "malformed",
      "count": 1,
      "description": "a cond clause that is not a non-empty list",
      "rule": "malformed-cond-clause"
    },
    {
      "category": "duplicate",
      "count": 1,
      "description": "a parallel let that binds the same variable more than once",
      "rule": "duplicate-let-bindings"
    },
    {
      "category": "malformed",
      "count": 1,
      "description": "a let/let* binding that is neither a symbol nor a (var value) pair",
      "rule": "malformed-let-binding"
    },
    {
      "category": "malformed",
      "count": 2,
      "description": "a let/let*/do/do* binding whose variable is a constant (nil, t, or a keyword)",
      "rule": "binds-constant"
    },
    {
      "category": "malformed",
      "count": 1,
      "description": "a dolist/dotimes spec that is not a (var form [result]) list",
      "rule": "malformed-iteration-spec"
    },
    {
      "category": "malformed",
      "count": 1,
      "description": "an eval-when with an invalid situation (not :compile-toplevel/:load-toplevel/:execute)",
      "rule": "eval-when-situation"
    },
    {
      "category": "duplicate",
      "count": 1,
      "description": "an and/or that lists the same operand more than once",
      "rule": "duplicate-boolean-operands"
    },
    {
      "category": "dead-code",
      "count": 1,
      "description": "an and/or whose non-final constant operand makes later operands dead",
      "rule": "dead-boolean-operand"
    },
    {
      "category": "suspicious",
      "count": 1,
      "description": "an and/or with a redundant identity operand (t in and, nil in or; (and a t b) is (and a b))",
      "rule": "redundant-boolean-identity"
    },
    {
      "category": "suspicious",
      "count": 1,
      "description": "an and/or of all negations, collapsible by De Morgan ((and (not a) (not b)) is (not (or a b)))",
      "rule": "de-morgan"
    },
    {
      "category": "suspicious",
      "count": 1,
      "description": "a single-operand and/or ((and X) and (or X) are just X)",
      "rule": "single-operand-boolean"
    },
    {
      "category": "suspicious",
      "count": 1,
      "description": "a single-argument append/nconc/list*, which returns its argument unchanged ((append x) is x)",
      "rule": "single-operand-list-op"
    },
    {
      "category": "suspicious",
      "count": 1,
      "description": "a single-operand +/* ((+ X) and (* X) are just X)",
      "rule": "single-operand-arithmetic"
    },
    {
      "category": "suspicious",
      "count": 1,
      "description": "an eq/eql compared against a string literal (never reliably eql)",
      "rule": "eql-string-comparison"
    },
    {
      "category": "suspicious",
      "count": 1,
      "description": "an eq/eql compared against a quoted list literal (never reliably eql)",
      "rule": "eql-list-comparison"
    },
    {
      "category": "suspicious",
      "count": 1,
      "description": "a member/assoc/find/substitute/adjoin/... searching for a string/list literal without :test (default eql won't match)",
      "rule": "eql-search-literal"
    },
    {
      "category": "suspicious",
      "count": 1,
      "description": "an eq compared against a number literal (eq on numbers is unreliable)",
      "rule": "eq-number-comparison"
    },
    {
      "category": "suspicious",
      "count": 1,
      "description": "an eq compared against a character literal (eq on characters is unreliable; use eql/char=)",
      "rule": "eq-char-comparison"
    },
    {
      "category": "suspicious",
      "count": 1,
      "description": "a numeric comparison (< > <= >= = /=) with one argument (always true; missing an operand?)",
      "rule": "single-arg-comparison"
    },
    {
      "category": "suspicious",
      "count": 1,
      "description": "a =/</> comparison against 0 with a dedicated predicate ((= x 0) is (zerop x))",
      "rule": "sign-comparison"
    },
    {
      "category": "suspicious",
      "count": 1,
      "description": "a cond with one non-t clause that has a body ((cond (test a b)) is (when test a b))",
      "rule": "single-clause-cond"
    },
    {
      "category": "suspicious",
      "count": 1,
      "description": "a cond with one t clause that has a body ((cond (t a b)) is (progn a b))",
      "rule": "cond-t-clause"
    },
    {
      "category": "suspicious",
      "count": 1,
      "description": "a multiple-value-bind of one variable ((multiple-value-bind (x) f body) is (let ((x f)) body))",
      "rule": "single-value-bind"
    },
    {
      "category": "suspicious",
      "count": 1,
      "description": "a format call whose first argument is a string literal (nil/t/stream destination is missing)",
      "rule": "format-missing-destination"
    },
    {
      "category": "malformed",
      "count": 1,
      "description": "an incf/decf/push/pop/pushnew/setf/psetf whose place is a self-evaluating literal (cannot be modified)",
      "rule": "literal-place"
    },
    {
      "category": "suspicious",
      "count": 1,
      "description": "a destructive call (nreverse/sort/delete/nsubstitute/nconc/...) on a quoted list literal (undefined behavior)",
      "rule": "destructive-literal"
    },
    {
      "category": "malformed",
      "count": 1,
      "description": "a character function (char=/char-code/alpha-char-p/...) applied to a string literal (type error)",
      "rule": "char-op-string"
    },
    {
      "category": "suspicious",
      "count": 1,
      "description": "a when/unless/dolist/dotimes with no body (the test/spec runs, then nothing happens)",
      "rule": "empty-body"
    },
    {
      "category": "suspicious",
      "count": 1,
      "description": "an arithmetic form with a redundant identity operand ((+ x 0), (* x 1), (- x 0), (/ x 1))",
      "rule": "identity-arithmetic"
    },
    {
      "category": "suspicious",
      "count": 1,
      "description": "negation written the long way ((- 0 x) and (* x -1) are (- x))",
      "rule": "verbose-negation"
    },
    {
      "category": "suspicious",
      "count": 1,
      "description": "a two-argument list*, which is just a cons ((list* a b) is (cons a b))",
      "rule": "list-star-to-cons"
    },
    {
      "category": "suspicious",
      "count": 1,
      "description": "a values-list of a list constructor ((values-list (list a b)) is (values a b))",
      "rule": "values-list-of-list"
    },
    {
      "category": "suspicious",
      "count": 1,
      "description": "a prog1 wrapping a single form, which is just that form ((prog1 x) is x)",
      "rule": "redundant-prog1"
    },
    {
      "category": "suspicious",
      "count": 1,
      "description": "a subseq from index 0, a whole-sequence copy ((subseq seq 0) is (copy-seq seq))",
      "rule": "subseq-zero"
    },
    {
      "category": "suspicious",
      "count": 1,
      "description": "a car of an nthcdr, which is nth ((car (nthcdr n x)) is (nth n x))",
      "rule": "car-nthcdr"
    },
    {
      "category": "suspicious",
      "count": 1,
      "description": "a car of a reverse, a wasteful full copy ((car (reverse x)) is (car (last x)))",
      "rule": "car-reverse"
    },
    {
      "category": "suspicious",
      "count": 1,
      "description": "a two-argument append with a nil tail, a fresh copy ((append x nil) is (copy-list x))",
      "rule": "append-nil"
    },
    {
      "category": "suspicious",
      "count": 1,
      "description": "a multiple-value-list of a values form ((multiple-value-list (values a b)) is (list a b))",
      "rule": "multiple-value-list-of-values"
    },
    {
      "category": "suspicious",
      "count": 1,
      "description": "a typep against a type with a dedicated predicate ((typep x 'string) is (stringp x))",
      "rule": "typep-predicate"
    },
    {
      "category": "suspicious",
      "count": 1,
      "description": "a coerce to type t, which returns the object unchanged ((coerce x t) is x)",
      "rule": "coerce-to-t"
    },
    {
      "category": "suspicious",
      "count": 1,
      "description": "a gethash with an explicit nil default, the default ((gethash k h nil) is (gethash k h))",
      "rule": "gethash-default"
    },
    {
      "category": "suspicious",
      "count": 1,
      "description": "a make-hash-table with an explicit :test 'eql, the default ((make-hash-table :test 'eql) is (make-hash-table))",
      "rule": "make-hash-table-test"
    },
    {
      "category": "suspicious",
      "count": 1,
      "description": "a division-family form with a literal 0 divisor, a guaranteed division-by-zero ((/ x 0))",
      "rule": "zero-divisor"
    },
    {
      "category": "duplicate",
      "count": 1,
      "description": "a make-* call passing the same keyword argument twice ((make-instance 'c :x 1 :x 2))",
      "rule": "duplicate-keyword"
    },
    {
      "category": "malformed",
      "count": 1,
      "description": "a quoted designator in a defpackage clause, which defpackage does not evaluate ((:export 'foo))",
      "rule": "defpackage-quoted"
    },
    {
      "category": "suspicious",
      "count": 1,
      "description": "an incf/decf with an explicit step of 0, a no-op ((incf x 0))",
      "rule": "step-zero"
    },
    {
      "category": "suspicious",
      "count": 1,
      "description": "a three-argument if with then=nil ((if c nil e) is (unless c e))",
      "rule": "if-to-unless"
    },
    {
      "category": "suspicious",
      "count": 1,
      "description": "a two-form prog2, which is just progn ((prog2 a b) is (progn a b))",
      "rule": "prog2-to-progn"
    },
    {
      "category": "suspicious",
      "count": 1,
      "description": "a handler-case with no handler clauses, which is just its body ((handler-case x) is x)",
      "rule": "handler-case-no-clauses"
    },
    {
      "category": "suspicious",
      "count": 1,
      "description": "an unwind-protect with no cleanup forms, which is just its body ((unwind-protect x) is x)",
      "rule": "unwind-protect-no-cleanup"
    },
    {
      "category": "suspicious",
      "count": 1,
      "description": "a bounded-sequence call with an explicit :start 0, the default ((find x seq :start 0) is (find x seq))",
      "rule": "redundant-start-zero"
    },
    {
      "category": "suspicious",
      "count": 1,
      "description": "a bounded-sequence call with an explicit :end nil, the default ((find x seq :end nil) is (find x seq))",
      "rule": "redundant-end-nil"
    },
    {
      "category": "suspicious",
      "count": 1,
      "description": "a sequence call with an explicit :from-end nil, the default ((find x seq :from-end nil) is (find x seq))",
      "rule": "redundant-from-end-nil"
    },
    {
      "category": "suspicious",
      "count": 1,
      "description": "a remove/delete/substitute call with an explicit :count nil, the default ((remove x seq :count nil) is (remove x seq))",
      "rule": "redundant-count-nil"
    },
    {
      "category": "suspicious",
      "count": 1,
      "description": "a string= of two same-case-folded operands ((string= (string-downcase a) (string-downcase b)) is (string-equal a b))",
      "rule": "string-case-fold"
    },
    {
      "category": "suspicious",
      "count": 1,
      "description": "a char= of two same-case-folded operands ((char= (char-downcase a) (char-downcase b)) is (char-equal a b))",
      "rule": "char-case-fold"
    },
    {
      "category": "suspicious",
      "count": 1,
      "description": "nested string case ops where the outer dominates ((string-upcase (string-downcase s)) is (string-upcase s))",
      "rule": "nested-string-case"
    },
    {
      "category": "suspicious",
      "count": 1,
      "description": "a code-char of a char-code, a round-trip that is just the character ((code-char (char-code c)) is c)",
      "rule": "code-char-char-code"
    },
    {
      "category": "suspicious",
      "count": 1,
      "description": "a last call with an explicit count of 1, the default ((last x 1) is (last x))",
      "rule": "last-default-count"
    },
    {
      "category": "suspicious",
      "count": 1,
      "description": "a butlast/nbutlast call with an explicit count of 1, the default ((butlast x 1) is (butlast x))",
      "rule": "butlast-default-count"
    },
    {
      "category": "suspicious",
      "count": 1,
      "description": "a make-list call with an explicit :initial-element nil, the default ((make-list n :initial-element nil) is (make-list n))",
      "rule": "make-list-default-element"
    },
    {
      "category": "suspicious",
      "count": 1,
      "description": "a parse-integer call with an explicit :radix 10, the default ((parse-integer s :radix 10) is (parse-integer s))",
      "rule": "parse-integer-default-radix"
    },
    {
      "category": "suspicious",
      "count": 1,
      "description": "a getf call with an explicit nil default, the default ((getf p k nil) is (getf p k))",
      "rule": "getf-default-nil"
    },
    {
      "category": "suspicious",
      "count": 1,
      "description": "a make-array call with an explicit :adjustable nil or :fill-pointer nil, the default ((make-array n :adjustable nil) is (make-array n))",
      "rule": "make-array-default-keyword"
    },
    {
      "category": "suspicious",
      "count": 1,
      "description": "nested char case ops where the outer dominates ((char-upcase (char-downcase c)) is (char-upcase c))",
      "rule": "nested-char-case"
    },
    {
      "category": "suspicious",
      "count": 1,
      "description": "a list* with a nil tail, a spelled-out list ((list* a b nil) is (list a b))",
      "rule": "list-star-nil"
    }
  ],
  "policy": {
    "fail_on_finding": false,
    "passed": true,
    "violations": []
  },
  "schema_version": 1
}
