{
  "fix_count": 88,
  "fixes": [
    {
      "description": "Rewrite the setf as incf",
      "id": "manual-incf/e9cc51bb9767dcb7/0",
      "path": "broad.lisp",
      "replacements": [
        {
          "byte_length": 19,
          "byte_offset": 3644,
          "text": "(incf ctr)"
        }
      ],
      "rule": "manual-incf",
      "span": {
        "end": 3663,
        "start": 3644
      }
    },
    {
      "description": "Rewrite the setf as push",
      "id": "manual-push/4847791ff6aa61f5/0",
      "path": "broad.lisp",
      "replacements": [
        {
          "byte_length": 23,
          "byte_offset": 3710,
          "text": "(push e lst)"
        }
      ],
      "rule": "manual-push",
      "span": {
        "end": 3733,
        "start": 3710
      }
    },
    {
      "description": "Rewrite the setf as pushnew",
      "id": "manual-pushnew/1e8f91739c283b2f/0",
      "path": "broad.lisp",
      "replacements": [
        {
          "byte_length": 23,
          "byte_offset": 3776,
          "text": "(pushnew e st)"
        }
      ],
      "rule": "manual-pushnew",
      "span": {
        "end": 3799,
        "start": 3776
      }
    },
    {
      "description": "Drop the explicit default delta of 1",
      "id": "explicit-step-delta/00a1f8d32f2b1a3f/0",
      "path": "broad.lisp",
      "replacements": [
        {
          "byte_length": 14,
          "byte_offset": 2773,
          "text": "(incf tally)"
        }
      ],
      "rule": "explicit-step-delta",
      "span": {
        "end": 2787,
        "start": 2773
      }
    },
    {
      "description": "Use decf with a positive delta",
      "id": "negated-step-delta/c72d843010c3cb77/0",
      "path": "broad.lisp",
      "replacements": [
        {
          "byte_length": 13,
          "byte_offset": 2847,
          "text": "(decf nsd 3)"
        }
      ],
      "rule": "negated-step-delta",
      "span": {
        "end": 2860,
        "start": 2847
      }
    },
    {
      "description": "Drop the explicit nil result",
      "id": "explicit-nil-return/83c6c0866319952f/0",
      "path": "broad.lisp",
      "replacements": [
        {
          "byte_length": 21,
          "byte_offset": 2920,
          "text": "(return-from blk)"
        }
      ],
      "rule": "explicit-nil-return",
      "span": {
        "end": 2941,
        "start": 2920
      }
    },
    {
      "description": "Rewrite the cons as a list",
      "id": "cons-to-list/30734641edf18c29/0",
      "path": "broad.lisp",
      "replacements": [
        {
          "byte_length": 12,
          "byte_offset": 1223,
          "text": "(list e)"
        }
      ],
      "rule": "cons-to-list",
      "span": {
        "end": 1235,
        "start": 1223
      }
    },
    {
      "description": "Rewrite (reverse (reverse x)) as (copy-seq x)",
      "id": "double-reverse/64abc2d4def62155/0",
      "path": "broad.lisp",
      "replacements": [
        {
          "byte_length": 22,
          "byte_offset": 1290,
          "text": "(copy-seq dr)"
        }
      ],
      "rule": "double-reverse",
      "span": {
        "end": 1312,
        "start": 1290
      }
    },
    {
      "description": "Remove the redundant quote",
      "id": "redundant-quote/07bb8307b4864109/0",
      "path": "broad.lisp",
      "replacements": [
        {
          "byte_length": 2,
          "byte_offset": 438,
          "text": "5"
        }
      ],
      "rule": "redundant-quote",
      "span": {
        "end": 440,
        "start": 438
      }
    },
    {
      "description": "Unwrap the redundant progn",
      "id": "redundant-progn/a2fdba9820c97822/0",
      "path": "broad.lisp",
      "replacements": [
        {
          "byte_length": 12,
          "byte_offset": 502,
          "text": "only"
        }
      ],
      "rule": "redundant-progn",
      "span": {
        "end": 514,
        "start": 502
      }
    },
    {
      "description": "Splice the nested progn into the enclosing progn",
      "id": "nested-progn/5cd55ce143529b1f/0",
      "path": "broad.lisp",
      "replacements": [
        {
          "byte_length": 11,
          "byte_offset": 581,
          "text": "b c"
        }
      ],
      "rule": "nested-progn",
      "span": {
        "end": 592,
        "start": 581
      }
    },
    {
      "description": "Merge the nested when tests with and",
      "id": "nested-when/3709b9f1558a096d/0",
      "path": "broad.lisp",
      "replacements": [
        {
          "byte_length": 24,
          "byte_offset": 3135,
          "text": "(when (and wa wb) (wc))"
        }
      ],
      "rule": "nested-when",
      "span": {
        "end": 3159,
        "start": 3135
      }
    },
    {
      "description": "Merge the nested unless tests with or",
      "id": "nested-unless/374f1c05f4fd74ef/0",
      "path": "broad.lisp",
      "replacements": [
        {
          "byte_length": 28,
          "byte_offset": 3201,
          "text": "(unless (or ua ub) (uc))"
        }
      ],
      "rule": "nested-unless",
      "span": {
        "end": 3229,
        "start": 3201
      }
    },
    {
      "description": "Flatten the nested same-operator and/or",
      "id": "nested-boolean/62bd4b586d0045bf/0",
      "path": "broad.lisp",
      "replacements": [
        {
          "byte_length": 10,
          "byte_offset": 3073,
          "text": "pb qc"
        }
      ],
      "rule": "nested-boolean",
      "span": {
        "end": 3083,
        "start": 3073
      }
    },
    {
      "description": "Combine the nested accessors into cadr",
      "id": "nested-cxr/109a80ae72e5eb4e/0",
      "path": "broad.lisp",
      "replacements": [
        {
          "byte_length": 13,
          "byte_offset": 3845,
          "text": "(cadr z)"
        }
      ],
      "rule": "nested-cxr",
      "span": {
        "end": 3858,
        "start": 3845
      }
    },
    {
      "description": "Use (first …) instead of nth with a constant index",
      "id": "nth-constant-index/9c4d78c87d9ad119/0",
      "path": "broad.lisp",
      "replacements": [
        {
          "byte_length": 10,
          "byte_offset": 3910,
          "text": "(first zs)"
        }
      ],
      "rule": "nth-constant-index",
      "span": {
        "end": 3920,
        "start": 3910
      }
    },
    {
      "description": "Drop the no-op (nthcdr 0 …)",
      "id": "nthcdr-zero/bfda713e07890a09/0",
      "path": "broad.lisp",
      "replacements": [
        {
          "byte_length": 13,
          "byte_offset": 3983,
          "text": "nz"
        }
      ],
      "rule": "nthcdr-zero",
      "span": {
        "end": 3996,
        "start": 3983
      }
    },
    {
      "description": "Rewrite (nthcdr n …) as (cddr …)",
      "id": "nthcdr-small-index/f273b4ffe8359de6/0",
      "path": "broad.lisp",
      "replacements": [
        {
          "byte_length": 13,
          "byte_offset": 4049,
          "text": "(cddr ns)"
        }
      ],
      "rule": "nthcdr-small-index",
      "span": {
        "end": 4062,
        "start": 4049
      }
    },
    {
      "description": "Splice the progn into the enclosing when",
      "id": "redundant-body-progn/bd91eb5e515cc145/0",
      "path": "broad.lisp",
      "replacements": [
        {
          "byte_length": 11,
          "byte_offset": 665,
          "text": "s t"
        }
      ],
      "rule": "redundant-body-progn",
      "span": {
        "end": 676,
        "start": 665
      }
    },
    {
      "description": "Rewrite the empty let as progn",
      "id": "empty-let/6f975d0b4722f4eb/0",
      "path": "broad.lisp",
      "replacements": [
        {
          "byte_length": 7,
          "byte_offset": 732,
          "text": "(progn"
        }
      ],
      "rule": "empty-let",
      "span": {
        "end": 752,
        "start": 732
      }
    },
    {
      "description": "Drop the redundant nil else branch",
      "id": "redundant-if-nil/e883c2a7438b14d9/0",
      "path": "broad.lisp",
      "replacements": [
        {
          "byte_length": 4,
          "byte_offset": 803,
          "text": ""
        }
      ],
      "rule": "redundant-if-nil",
      "span": {
        "end": 808,
        "start": 796
      }
    },
    {
      "description": "Rewrite the redundant let* as let",
      "id": "redundant-let-star/a18f256659e1ba9a/0",
      "path": "broad.lisp",
      "replacements": [
        {
          "byte_length": 4,
          "byte_offset": 2560,
          "text": "let"
        }
      ],
      "rule": "redundant-let-star",
      "span": {
        "end": 2575,
        "start": 2559
      }
    },
    {
      "description": "Rewrite (funcall #'g …) as a direct call",
      "id": "redundant-funcall/80c1c3159cdf3d87/0",
      "path": "broad.lisp",
      "replacements": [
        {
          "byte_length": 10,
          "byte_offset": 868,
          "text": ""
        }
      ],
      "rule": "redundant-funcall",
      "span": {
        "end": 882,
        "start": 867
      }
    },
    {
      "description": "Drop the vacuous (the t …) declaration",
      "id": "redundant-the/2bac242fe26b506b/0",
      "path": "broad.lisp",
      "replacements": [
        {
          "byte_length": 16,
          "byte_offset": 939,
          "text": "whatever"
        }
      ],
      "rule": "redundant-the",
      "span": {
        "end": 955,
        "start": 939
      }
    },
    {
      "description": "Apply the lambda directly, dropping funcall",
      "id": "funcall-lambda/673d7cfe29eecb61/0",
      "path": "broad.lisp",
      "replacements": [
        {
          "byte_length": 8,
          "byte_offset": 1008,
          "text": ""
        }
      ],
      "rule": "funcall-lambda",
      "span": {
        "end": 1035,
        "start": 1007
      }
    },
    {
      "description": "Drop the redundant #' before lambda",
      "id": "sharp-quoted-lambda/8265b306d04d5a6a/0",
      "path": "broad.lisp",
      "replacements": [
        {
          "byte_length": 18,
          "byte_offset": 1084,
          "text": "(lambda (sq) sq)"
        }
      ],
      "rule": "sharp-quoted-lambda",
      "span": {
        "end": 1102,
        "start": 1084
      }
    },
    {
      "description": "Drop the redundant identity call",
      "id": "redundant-identity/05affcb5b7734a90/0",
      "path": "broad.lisp",
      "replacements": [
        {
          "byte_length": 12,
          "byte_offset": 1150,
          "text": "h"
        }
      ],
      "rule": "redundant-identity",
      "span": {
        "end": 1162,
        "start": 1150
      }
    },
    {
      "description": "Rewrite (apply #'g (list …)) as a direct call",
      "id": "redundant-apply/f5c33aecf2ade963/0",
      "path": "broad.lisp",
      "replacements": [
        {
          "byte_length": 20,
          "byte_offset": 4122,
          "text": "(g m)"
        }
      ],
      "rule": "redundant-apply",
      "span": {
        "end": 4142,
        "start": 4122
      }
    },
    {
      "description": "Drop the redundant :test #'eql",
      "id": "redundant-eql-test/08921075042be6dd/0",
      "path": "broad.lisp",
      "replacements": [
        {
          "byte_length": 12,
          "byte_offset": 4205,
          "text": ""
        }
      ],
      "rule": "redundant-eql-test",
      "span": {
        "end": 4218,
        "start": 4192
      }
    },
    {
      "description": "Drop the redundant :key #'identity",
      "id": "redundant-identity-key/0d6a3e2540c960d7/0",
      "path": "broad.lisp",
      "replacements": [
        {
          "byte_length": 16,
          "byte_offset": 5465,
          "text": ""
        }
      ],
      "rule": "redundant-identity-key",
      "span": {
        "end": 5482,
        "start": 5452
      }
    },
    {
      "description": "Rewrite when (not …) as unless",
      "id": "negated-when-unless/8cea77f08ec45975/0",
      "path": "broad.lisp",
      "replacements": [
        {
          "byte_length": 4,
          "byte_offset": 3504,
          "text": "unless"
        },
        {
          "byte_length": 7,
          "byte_offset": 3509,
          "text": "r"
        }
      ],
      "rule": "negated-when-unless",
      "span": {
        "end": 3519,
        "start": 3503
      }
    },
    {
      "description": "Use the complement >= instead of negating",
      "id": "negated-comparison/63ee3702a87c2d97/0",
      "path": "broad.lisp",
      "replacements": [
        {
          "byte_length": 13,
          "byte_offset": 5599,
          "text": "(>= a b)"
        }
      ],
      "rule": "negated-comparison",
      "span": {
        "end": 5612,
        "start": 5599
      }
    },
    {
      "description": "Drop the negated test and swap the if branches",
      "id": "negated-if/33df133ba8537bf9/0",
      "path": "broad.lisp",
      "replacements": [
        {
          "byte_length": 16,
          "byte_offset": 5672,
          "text": "(if c b a)"
        }
      ],
      "rule": "negated-if",
      "span": {
        "end": 5688,
        "start": 5672
      }
    },
    {
      "description": "Rewrite (if x x y) as (or x y)",
      "id": "if-to-or/ab61c84ad573df95/0",
      "path": "broad.lisp",
      "replacements": [
        {
          "byte_length": 13,
          "byte_offset": 5737,
          "text": "(or iv jv)"
        }
      ],
      "rule": "if-to-or",
      "span": {
        "end": 5750,
        "start": 5737
      }
    },
    {
      "description": "Rewrite (if test nil t) as (not test)",
      "id": "if-not/62237ccefbf0b61e/0",
      "path": "broad.lisp",
      "replacements": [
        {
          "byte_length": 13,
          "byte_offset": 5800,
          "text": "(not iw)"
        }
      ],
      "rule": "if-not",
      "span": {
        "end": 5813,
        "start": 5800
      }
    },
    {
      "description": "Use the 1+ shorthand",
      "id": "one-step-arithmetic/044bc8cb6d37fb31/0",
      "path": "broad.lisp",
      "replacements": [
        {
          "byte_length": 9,
          "byte_offset": 6155,
          "text": "(1+ osa)"
        }
      ],
      "rule": "one-step-arithmetic",
      "span": {
        "end": 6164,
        "start": 6155
      }
    },
    {
      "description": "Rewrite the else-less if as when",
      "id": "one-armed-if/efd043892749780a/0",
      "path": "broad.lisp",
      "replacements": [
        {
          "byte_length": 2,
          "byte_offset": 3578,
          "text": "when"
        }
      ],
      "rule": "one-armed-if",
      "span": {
        "end": 3585,
        "start": 3577
      }
    },
    {
      "description": "Rewrite (equal X nil) as (null X)",
      "id": "nil-comparison/826bacda3f3e61e2/0",
      "path": "broad.lisp",
      "replacements": [
        {
          "byte_length": 13,
          "byte_offset": 6518,
          "text": "(null w)"
        }
      ],
      "rule": "nil-comparison",
      "span": {
        "end": 6531,
        "start": 6518
      }
    },
    {
      "description": "Drop the dead branch of the constant t test",
      "id": "constant-if-test/026b11490469946b/0",
      "path": "broad.lisp",
      "replacements": [
        {
          "byte_length": 13,
          "byte_offset": 6229,
          "text": "on"
        }
      ],
      "rule": "constant-if-test",
      "span": {
        "end": 6242,
        "start": 6229
      }
    },
    {
      "description": "Rewrite the always-true (when t …) as progn",
      "id": "constant-when-test/9b0a7978fb01361b/0",
      "path": "broad.lisp",
      "replacements": [
        {
          "byte_length": 7,
          "byte_offset": 6300,
          "text": "(progn"
        }
      ],
      "rule": "constant-when-test",
      "span": {
        "end": 6313,
        "start": 6300
      }
    },
    {
      "description": "Rewrite (append (list x) rest) as (cons x rest)",
      "id": "append-list-to-cons/88d7b250cdb0e3fd/0",
      "path": "broad.lisp",
      "replacements": [
        {
          "byte_length": 21,
          "byte_offset": 1359,
          "text": "(cons al ar)"
        }
      ],
      "rule": "append-list-to-cons",
      "span": {
        "end": 1380,
        "start": 1359
      }
    },
    {
      "description": "Rewrite (format nil … x) as (princ-to-string x)",
      "id": "format-to-string/39b50b82e8ac11f4/0",
      "path": "broad.lisp",
      "replacements": [
        {
          "byte_length": 20,
          "byte_offset": 1433,
          "text": "(princ-to-string fs)"
        }
      ],
      "rule": "format-to-string",
      "span": {
        "end": 1453,
        "start": 1433
      }
    },
    {
      "description": "Rewrite (format t \"~%\") as (terpri)",
      "id": "format-newline/b36342f1429c38ae/0",
      "path": "broad.lisp",
      "replacements": [
        {
          "byte_length": 15,
          "byte_offset": 1504,
          "text": "(terpri)"
        }
      ],
      "rule": "format-newline",
      "span": {
        "end": 1519,
        "start": 1504
      }
    },
    {
      "description": "Drop the redundant 1 divisor from floor",
      "id": "redundant-divisor/ec0523314eb5cfd2/0",
      "path": "broad.lisp",
      "replacements": [
        {
          "byte_length": 12,
          "byte_offset": 1573,
          "text": "(floor fq)"
        }
      ],
      "rule": "redundant-divisor",
      "span": {
        "end": 1585,
        "start": 1573
      }
    },
    {
      "description": "Drop the redundant t operand from and",
      "id": "redundant-boolean-identity/6099f3c432a128b2/0",
      "path": "broad.lisp",
      "replacements": [
        {
          "byte_length": 11,
          "byte_offset": 6373,
          "text": "(and p q)"
        }
      ],
      "rule": "redundant-boolean-identity",
      "span": {
        "end": 6384,
        "start": 6373
      }
    },
    {
      "description": "Collapse the and of negations via De Morgan",
      "id": "de-morgan/59f199d4d6ca0ffc/0",
      "path": "broad.lisp",
      "replacements": [
        {
          "byte_length": 21,
          "byte_offset": 6454,
          "text": "(not (or p q))"
        }
      ],
      "rule": "de-morgan",
      "span": {
        "end": 6475,
        "start": 6454
      }
    },
    {
      "description": "Unwrap the single-operand and",
      "id": "single-operand-boolean/7e86df9999f069f3/0",
      "path": "broad.lisp",
      "replacements": [
        {
          "byte_length": 7,
          "byte_offset": 3269,
          "text": "x"
        }
      ],
      "rule": "single-operand-boolean",
      "span": {
        "end": 3276,
        "start": 3269
      }
    },
    {
      "description": "Drop the no-op single-argument append",
      "id": "single-operand-list-op/6e6fdee3fc4c76f1/0",
      "path": "broad.lisp",
      "replacements": [
        {
          "byte_length": 13,
          "byte_offset": 3346,
          "text": "solo"
        }
      ],
      "rule": "single-operand-list-op",
      "span": {
        "end": 3359,
        "start": 3346
      }
    },
    {
      "description": "Unwrap the single-operand *",
      "id": "single-operand-arithmetic/5d68a41993e476ea/0",
      "path": "broad.lisp",
      "replacements": [
        {
          "byte_length": 5,
          "byte_offset": 3423,
          "text": "x"
        }
      ],
      "rule": "single-operand-arithmetic",
      "span": {
        "end": 3428,
        "start": 3423
      }
    },
    {
      "description": "Compare with eql (eq is unreliable on numbers)",
      "id": "eq-number-comparison/23196700b33d9c59/0",
      "path": "broad.lisp",
      "replacements": [
        {
          "byte_length": 2,
          "byte_offset": 6588,
          "text": "eql"
        }
      ],
      "rule": "eq-number-comparison",
      "span": {
        "end": 6595,
        "start": 6587
      }
    },
    {
      "description": "Compare with eql (eq is unreliable on characters)",
      "id": "eq-char-comparison/0372a7cb6b4144bd/0",
      "path": "broad.lisp",
      "replacements": [
        {
          "byte_length": 2,
          "byte_offset": 6663,
          "text": "eql"
        }
      ],
      "rule": "eq-char-comparison",
      "span": {
        "end": 6672,
        "start": 6662
      }
    },
    {
      "description": "Use (zerop X) instead of comparing against 0",
      "id": "sign-comparison/93d63434e0602a33/0",
      "path": "broad.lisp",
      "replacements": [
        {
          "byte_length": 11,
          "byte_offset": 5529,
          "text": "(zerop tally)"
        }
      ],
      "rule": "sign-comparison",
      "span": {
        "end": 5540,
        "start": 5529
      }
    },
    {
      "description": "Rewrite the single-clause cond as when",
      "id": "single-clause-cond/370e08e4584356c3/0",
      "path": "broad.lisp",
      "replacements": [
        {
          "byte_length": 17,
          "byte_offset": 2632,
          "text": "(when ok (run))"
        }
      ],
      "rule": "single-clause-cond",
      "span": {
        "end": 2649,
        "start": 2632
      }
    },
    {
      "description": "Rewrite the single t-clause cond as progn",
      "id": "cond-t-clause/8c478783d564aef8/0",
      "path": "broad.lisp",
      "replacements": [
        {
          "byte_length": 20,
          "byte_offset": 2705,
          "text": "(progn (r1) (r2))"
        }
      ],
      "rule": "cond-t-clause",
      "span": {
        "end": 2725,
        "start": 2705
      }
    },
    {
      "description": "Rewrite single-value multiple-value-bind as let",
      "id": "single-value-bind/aabdcc153cb0635a/0",
      "path": "broad.lisp",
      "replacements": [
        {
          "byte_length": 36,
          "byte_offset": 2994,
          "text": "(let ((mv (vals))) mv)"
        }
      ],
      "rule": "single-value-bind",
      "span": {
        "end": 3030,
        "start": 2994
      }
    },
    {
      "description": "Use unary (- x) for negation",
      "id": "verbose-negation/db07057c02c96d6b/0",
      "path": "broad.lisp",
      "replacements": [
        {
          "byte_length": 9,
          "byte_offset": 1645,
          "text": "(- amt)"
        }
      ],
      "rule": "verbose-negation",
      "span": {
        "end": 1654,
        "start": 1645
      }
    },
    {
      "description": "Rewrite (list* a b) as (cons a b)",
      "id": "list-star-to-cons/8dfbceb8e6484013/0",
      "path": "broad.lisp",
      "replacements": [
        {
          "byte_length": 13,
          "byte_offset": 1716,
          "text": "(cons la lb)"
        }
      ],
      "rule": "list-star-to-cons",
      "span": {
        "end": 1729,
        "start": 1716
      }
    },
    {
      "description": "Rewrite (values-list (list …)) as (values …)",
      "id": "values-list-of-list/a01fe3b901d6d599/0",
      "path": "broad.lisp",
      "replacements": [
        {
          "byte_length": 26,
          "byte_offset": 1788,
          "text": "(values va vb)"
        }
      ],
      "rule": "values-list-of-list",
      "span": {
        "end": 1814,
        "start": 1788
      }
    },
    {
      "description": "Drop the single-form prog1",
      "id": "redundant-prog1/d11c68d1c2a8c075/0",
      "path": "broad.lisp",
      "replacements": [
        {
          "byte_length": 13,
          "byte_offset": 1862,
          "text": "(p1x)"
        }
      ],
      "rule": "redundant-prog1",
      "span": {
        "end": 1875,
        "start": 1862
      }
    },
    {
      "description": "Rewrite (subseq seq 0) as (copy-seq seq)",
      "id": "subseq-zero/86623ddc853cc31a/0",
      "path": "broad.lisp",
      "replacements": [
        {
          "byte_length": 13,
          "byte_offset": 1932,
          "text": "(copy-seq sz)"
        }
      ],
      "rule": "subseq-zero",
      "span": {
        "end": 1945,
        "start": 1932
      }
    },
    {
      "description": "Rewrite (car (nthcdr n x)) as (nth n x)",
      "id": "car-nthcdr/fa5f8068ce51888c/0",
      "path": "broad.lisp",
      "replacements": [
        {
          "byte_length": 20,
          "byte_offset": 1998,
          "text": "(nth cn cx)"
        }
      ],
      "rule": "car-nthcdr",
      "span": {
        "end": 2018,
        "start": 1998
      }
    },
    {
      "description": "Rewrite (car (reverse x)) as (car (last x))",
      "id": "car-reverse/358664c82b8eb6c2/0",
      "path": "broad.lisp",
      "replacements": [
        {
          "byte_length": 19,
          "byte_offset": 2063,
          "text": "(car (last crx))"
        }
      ],
      "rule": "car-reverse",
      "span": {
        "end": 2082,
        "start": 2063
      }
    },
    {
      "description": "Rewrite (append x nil) as (copy-list x)",
      "id": "append-nil/9dcde276136a9a2c/0",
      "path": "broad.lisp",
      "replacements": [
        {
          "byte_length": 16,
          "byte_offset": 2129,
          "text": "(copy-list anx)"
        }
      ],
      "rule": "append-nil",
      "span": {
        "end": 2145,
        "start": 2129
      }
    },
    {
      "description": "Rewrite (multiple-value-list (values …)) as (list …)",
      "id": "multiple-value-list-of-values/1b4099bfb77b9dcf/0",
      "path": "broad.lisp",
      "replacements": [
        {
          "byte_length": 38,
          "byte_offset": 2194,
          "text": "(list mva mvb)"
        }
      ],
      "rule": "multiple-value-list-of-values",
      "span": {
        "end": 2232,
        "start": 2194
      }
    },
    {
      "description": "Rewrite typep as (stringp x)",
      "id": "typep-predicate/c4524e22023511e4/0",
      "path": "broad.lisp",
      "replacements": [
        {
          "byte_length": 19,
          "byte_offset": 2278,
          "text": "(stringp tpx)"
        }
      ],
      "rule": "typep-predicate",
      "span": {
        "end": 2297,
        "start": 2278
      }
    },
    {
      "description": "Drop the no-op (coerce x t)",
      "id": "coerce-to-t/5287c8c7f1849642/0",
      "path": "broad.lisp",
      "replacements": [
        {
          "byte_length": 14,
          "byte_offset": 2348,
          "text": "ctx"
        }
      ],
      "rule": "coerce-to-t",
      "span": {
        "end": 2362,
        "start": 2348
      }
    },
    {
      "description": "Drop the redundant nil default",
      "id": "gethash-default/f31c83fc13478b4e/0",
      "path": "broad.lisp",
      "replacements": [
        {
          "byte_length": 4,
          "byte_offset": 2430,
          "text": ""
        }
      ],
      "rule": "gethash-default",
      "span": {
        "end": 2435,
        "start": 2414
      }
    },
    {
      "description": "Drop the redundant :test 'eql",
      "id": "make-hash-table-test/35479fa9b5b47097/0",
      "path": "broad.lisp",
      "replacements": [
        {
          "byte_length": 11,
          "byte_offset": 2500,
          "text": ""
        }
      ],
      "rule": "make-hash-table-test",
      "span": {
        "end": 2512,
        "start": 2484
      }
    },
    {
      "description": "Rewrite (if c nil e) as (unless c e)",
      "id": "if-to-unless/54bbf94ef24fbf44/0",
      "path": "broad.lisp",
      "replacements": [
        {
          "byte_length": 17,
          "byte_offset": 5861,
          "text": "(unless iu (iue))"
        }
      ],
      "rule": "if-to-unless",
      "span": {
        "end": 5878,
        "start": 5861
      }
    },
    {
      "description": "Rewrite prog2 as progn",
      "id": "prog2-to-progn/cfc0af416a06509b/0",
      "path": "broad.lisp",
      "replacements": [
        {
          "byte_length": 5,
          "byte_offset": 5929,
          "text": "progn"
        }
      ],
      "rule": "prog2-to-progn",
      "span": {
        "end": 5947,
        "start": 5928
      }
    },
    {
      "description": "Drop the clauseless handler-case",
      "id": "handler-case-no-clauses/e6eca94ec47a803d/0",
      "path": "broad.lisp",
      "replacements": [
        {
          "byte_length": 20,
          "byte_offset": 5997,
          "text": "(hcx)"
        }
      ],
      "rule": "handler-case-no-clauses",
      "span": {
        "end": 6017,
        "start": 5997
      }
    },
    {
      "description": "Drop the cleanupless unwind-protect",
      "id": "unwind-protect-no-cleanup/0517ee52f6bcfa89/0",
      "path": "broad.lisp",
      "replacements": [
        {
          "byte_length": 22,
          "byte_offset": 6075,
          "text": "(upx)"
        }
      ],
      "rule": "unwind-protect-no-cleanup",
      "span": {
        "end": 6097,
        "start": 6075
      }
    },
    {
      "description": "Drop the redundant :start 0",
      "id": "redundant-start-zero/204c4a0fd8b6054d/0",
      "path": "broad.lisp",
      "replacements": [
        {
          "byte_length": 9,
          "byte_offset": 4278,
          "text": ""
        }
      ],
      "rule": "redundant-start-zero",
      "span": {
        "end": 4288,
        "start": 4265
      }
    },
    {
      "description": "Drop the redundant :end nil",
      "id": "redundant-end-nil/95fb7a788caa4221/0",
      "path": "broad.lisp",
      "replacements": [
        {
          "byte_length": 9,
          "byte_offset": 4353,
          "text": ""
        }
      ],
      "rule": "redundant-end-nil",
      "span": {
        "end": 4363,
        "start": 4340
      }
    },
    {
      "description": "Drop the redundant :from-end nil",
      "id": "redundant-from-end-nil/74a10cdf08c695fc/0",
      "path": "broad.lisp",
      "replacements": [
        {
          "byte_length": 14,
          "byte_offset": 4425,
          "text": ""
        }
      ],
      "rule": "redundant-from-end-nil",
      "span": {
        "end": 4440,
        "start": 4412
      }
    },
    {
      "description": "Drop the redundant :count nil",
      "id": "redundant-count-nil/b4e4e8611abe92d2/0",
      "path": "broad.lisp",
      "replacements": [
        {
          "byte_length": 11,
          "byte_offset": 4504,
          "text": ""
        }
      ],
      "rule": "redundant-count-nil",
      "span": {
        "end": 4516,
        "start": 4489
      }
    },
    {
      "description": "Rewrite as (string-equal a b)",
      "id": "string-case-fold/35ed4435ec80226f/0",
      "path": "broad.lisp",
      "replacements": [
        {
          "byte_length": 51,
          "byte_offset": 4563,
          "text": "(string-equal sa sb)"
        }
      ],
      "rule": "string-case-fold",
      "span": {
        "end": 4614,
        "start": 4563
      }
    },
    {
      "description": "Rewrite as (char-equal a b)",
      "id": "char-case-fold/1151e7de6ce93524/0",
      "path": "broad.lisp",
      "replacements": [
        {
          "byte_length": 45,
          "byte_offset": 4634,
          "text": "(char-equal ca cb)"
        }
      ],
      "rule": "char-case-fold",
      "span": {
        "end": 4679,
        "start": 4634
      }
    },
    {
      "description": "Collapse the nested string case op",
      "id": "nested-string-case/e1b50d70e857d80e/0",
      "path": "broad.lisp",
      "replacements": [
        {
          "byte_length": 37,
          "byte_offset": 4703,
          "text": "(string-upcase nsc)"
        }
      ],
      "rule": "nested-string-case",
      "span": {
        "end": 4740,
        "start": 4703
      }
    },
    {
      "description": "Drop the code-char/char-code round-trip",
      "id": "code-char-char-code/d64bd87a6ec1dd94/0",
      "path": "broad.lisp",
      "replacements": [
        {
          "byte_length": 27,
          "byte_offset": 4776,
          "text": "ccc"
        }
      ],
      "rule": "code-char-char-code",
      "span": {
        "end": 4803,
        "start": 4776
      }
    },
    {
      "description": "Drop the redundant last count of 1",
      "id": "last-default-count/ee8e9f6b4ebb33ac/0",
      "path": "broad.lisp",
      "replacements": [
        {
          "byte_length": 2,
          "byte_offset": 4859,
          "text": ""
        }
      ],
      "rule": "last-default-count",
      "span": {
        "end": 4862,
        "start": 4850
      }
    },
    {
      "description": "Drop the redundant butlast count of 1",
      "id": "butlast-default-count/6841ef3bad2f901d/0",
      "path": "broad.lisp",
      "replacements": [
        {
          "byte_length": 2,
          "byte_offset": 4935,
          "text": ""
        }
      ],
      "rule": "butlast-default-count",
      "span": {
        "end": 4938,
        "start": 4923
      }
    },
    {
      "description": "Drop the redundant :initial-element nil",
      "id": "make-list-default-element/091b9e3ccae97a5b/0",
      "path": "broad.lisp",
      "replacements": [
        {
          "byte_length": 21,
          "byte_offset": 5013,
          "text": ""
        }
      ],
      "rule": "make-list-default-element",
      "span": {
        "end": 5035,
        "start": 4999
      }
    },
    {
      "description": "Drop the redundant :radix 10",
      "id": "parse-integer-default-radix/6689082ca07df47e/0",
      "path": "broad.lisp",
      "replacements": [
        {
          "byte_length": 10,
          "byte_offset": 5097,
          "text": ""
        }
      ],
      "rule": "parse-integer-default-radix",
      "span": {
        "end": 5108,
        "start": 5079
      }
    },
    {
      "description": "Drop the redundant nil default",
      "id": "getf-default-nil/ccab3d746985ff27/0",
      "path": "broad.lisp",
      "replacements": [
        {
          "byte_length": 4,
          "byte_offset": 5175,
          "text": ""
        }
      ],
      "rule": "getf-default-nil",
      "span": {
        "end": 5180,
        "start": 5161
      }
    },
    {
      "description": "Drop the redundant :adjustable nil",
      "id": "make-array-default-keyword/5378b26260ebe135/0",
      "path": "broad.lisp",
      "replacements": [
        {
          "byte_length": 16,
          "byte_offset": 5248,
          "text": ""
        }
      ],
      "rule": "make-array-default-keyword",
      "span": {
        "end": 5265,
        "start": 5232
      }
    },
    {
      "description": "Collapse the nested char case op",
      "id": "nested-char-case/e5d63774dec3163c/0",
      "path": "broad.lisp",
      "replacements": [
        {
          "byte_length": 33,
          "byte_offset": 5313,
          "text": "(char-upcase ncc)"
        }
      ],
      "rule": "nested-char-case",
      "span": {
        "end": 5346,
        "start": 5313
      }
    },
    {
      "description": "Rewrite list* with a nil tail as list",
      "id": "list-star-nil/3d15900073a4c4e4/0",
      "path": "broad.lisp",
      "replacements": [
        {
          "byte_length": 5,
          "byte_offset": 5385,
          "text": "list"
        },
        {
          "byte_length": 4,
          "byte_offset": 5400,
          "text": ""
        }
      ],
      "rule": "list-star-nil",
      "span": {
        "end": 5405,
        "start": 5384
      }
    }
  ],
  "next_commands": [
    {
      "command": "paredit fix apply broad.lisp --output json",
      "why": "88 fixable finding(s) found; this applies them."
    }
  ],
  "schema_version": 1
}
