finding_count	11
rule	self-assignment	0
rule	duplicate-setf-places	0
rule	setf-arity	0
rule	setq-non-variable	0
rule	manual-incf	0
rule	manual-push	0
rule	manual-pushnew	0
rule	explicit-step-delta	0
rule	negated-step-delta	0
rule	explicit-nil-return	0
rule	cons-to-list	0
rule	double-reverse	0
rule	modify-macro-arity	0
rule	duplicate-parameters	0
rule	duplicate-lambda-list-keyword	0
rule	lambda-list-keyword-order	0
rule	redundant-quote	0
rule	redundant-progn	0
rule	nested-progn	0
rule	nested-when	0
rule	nested-unless	0
rule	nested-boolean	0
rule	nested-cxr	0
rule	nth-constant-index	0
rule	nthcdr-zero	0
rule	nthcdr-small-index	0
rule	redundant-body-progn	0
rule	empty-let	0
rule	redundant-if-nil	0
rule	redundant-let-star	0
rule	redundant-funcall	0
rule	redundant-the	0
rule	funcall-lambda	0
rule	sharp-quoted-lambda	0
rule	redundant-identity	0
rule	redundant-apply	0
rule	redundant-eql-test	0
rule	redundant-identity-key	0
rule	negated-when-unless	0
rule	negated-comparison	0
rule	negated-if	0
rule	if-to-or	0
rule	if-not	0
rule	one-step-arithmetic	0
rule	one-armed-if	0
rule	self-comparison	0
rule	nil-comparison	0
rule	t-comparison	0
rule	identical-if-branches	0
rule	constant-if-test	0
rule	constant-when-test	0
rule	if-arity	0
rule	the-arity	0
rule	equality-arity	0
rule	accessor-arity	0
rule	append-list-to-cons	0
rule	format-to-string	0
rule	format-newline	0
rule	redundant-divisor	0
rule	duplicate-case-keys	0
rule	quoted-case-key	0
rule	case-nil-key	0
rule	typecase-nil-key	0
rule	malformed-case-clause	0
rule	unreachable-case-clause	0
rule	exhaustive-case-otherwise	0
rule	duplicate-cond-tests	0
rule	unreachable-cond-clause	0
rule	malformed-cond-clause	0
rule	duplicate-let-bindings	0
rule	malformed-let-binding	0
rule	binds-constant	0
rule	malformed-iteration-spec	0
rule	eval-when-situation	0
rule	duplicate-boolean-operands	0
rule	dead-boolean-operand	0
rule	redundant-boolean-identity	0
rule	de-morgan	0
rule	single-operand-boolean	0
rule	single-operand-list-op	0
rule	single-operand-arithmetic	0
rule	eql-string-comparison	0
rule	eql-list-comparison	0
rule	eql-search-literal	0
rule	eq-number-comparison	0
rule	eq-char-comparison	0
rule	single-arg-comparison	0
rule	sign-comparison	0
rule	single-clause-cond	0
rule	cond-t-clause	0
rule	single-value-bind	0
rule	format-missing-destination	0
rule	literal-place	0
rule	destructive-literal	0
rule	char-op-string	0
rule	empty-body	0
rule	identity-arithmetic	0
rule	verbose-negation	0
rule	list-star-to-cons	0
rule	values-list-of-list	0
rule	redundant-prog1	0
rule	subseq-zero	0
rule	car-nthcdr	0
rule	car-reverse	0
rule	append-nil	0
rule	multiple-value-list-of-values	0
rule	typep-predicate	0
rule	coerce-to-t	0
rule	gethash-default	0
rule	make-hash-table-test	0
rule	zero-divisor	0
rule	duplicate-keyword	0
rule	defpackage-quoted	0
rule	step-zero	0
rule	if-to-unless	0
rule	prog2-to-progn	0
rule	handler-case-no-clauses	0
rule	unwind-protect-no-cleanup	0
rule	redundant-start-zero	0
rule	redundant-end-nil	0
rule	redundant-from-end-nil	0
rule	redundant-count-nil	0
rule	string-case-fold	0
rule	char-case-fold	0
rule	nested-string-case	0
rule	code-char-char-code	0
rule	last-default-count	0
rule	butlast-default-count	0
rule	make-list-default-element	0
rule	parse-integer-default-radix	0
rule	getf-default-nil	0
rule	make-array-default-keyword	0
rule	nested-char-case	0
rule	list-star-nil	0
rule	length-emptiness-test	0
rule	quadratic-accumulation	0
rule	linear-search-in-loop	0
rule	unnecessary-copy	0
rule	copy-before-destructive	0
rule	implementation-package-symbol	0
rule	unportable-pathname	0
rule	ascii-code-char	0
rule	float-equality	0
rule	global-mutation-in-function	0
rule	check-then-act	0
rule	eval-of-non-constant	0
rule	read-without-read-eval-guard	0
rule	subprocess-string-building	0
rule	unclosed-stream	0
rule	stream-escapes-with-open-file	0
rule	handler-case-swallows-error	0
rule	unreachable-handler-clause	0
rule	ignore-declaration-conflict	0
rule	contradictory-optimize	0
rule	defclass-slot-option	0
rule	method-lambda-list-mismatch	0
rule	macro-variable-capture	0
rule	macro-multiple-evaluation	0
rule	macro-parameter-reordering	0
rule	macro-deep-quasiquote-nesting	0
rule	elisp-macro-missing-declare	1
rule	elisp-missing-lexical-binding	1
rule	elisp-unreachable-lexical-binding	1
rule	elisp-autoload-cookie-without-form	2
rule	elisp-defcustom-missing-type	1
rule	elisp-defcustom-missing-group	1
rule	elisp-obsolete-cl-alias	1
rule	elisp-quoted-lambda	1
rule	elisp-interactive-in-macro	1
rule	elisp-condition-case-without-handler	1
rule	embedded-secret	0
rule	giant-conditional-form	0
rule	redundant-condition-supertype	0
rule	commented-out-code	0
rule	execution-order-dependency	0
rule	declarative-style-score	0
rule	package-level-shadowing	0
rule	self-recursive-tail-call	0
rule	leftover-print-debug	0
rule	leftover-trace-call	0
rule	leftover-break-call	0
rule	leftover-inspect-call	0
rule	leftover-time-benchmark-call	0
rule	leftover-step-call	0
rule	commented-repl-transcript	0
rule	leftover-format-debug-marker	0
rule	around-method-missing-call-next-method	0
rule	defclass-required-slot-no-initform-or-initarg	0
rule	defclass-slot-shadowing	0
rule	duplicate-defmethod-signature	0
rule	generic-function-no-methods	0
rule	method-qualifier-typo	0
rule	print-object-without-print-unreadable-object	0
rule	slot-value-bypasses-accessor	0
rule	cerror-missing-continue-format	0
rule	define-condition-empty-superclass-list	0
rule	define-condition-missing-report-for-error-type	0
rule	handler-bind-handler-returns-bare-value	0
rule	ignore-errors-wraps-non-error-signal	0
rule	restart-case-clause-without-report	0
rule	signal-on-error-condition-returns-silently	0
rule	dolist-result-form-references-loop-variable	0
rule	dotimes-bound-mutation-has-no-effect	0
rule	loop-clause-order-violation	0
rule	loop-for-across-statically-known-list	0
rule	loop-into-accumulator-kind-conflict	0
rule	loop-unreachable-finally-clause	0
rule	disabled-test-left-in	0
rule	duplicate-test-name	0
rule	empty-test-body	0
rule	sleep-in-test	0
rule	test-asserts-constant	0
rule	test-without-assertion	0
rule	atom-swap-with-side-effect	0
rule	dynamic-var-bound-across-thread-boundary	0
rule	future-promise-never-realized	0
rule	lock-acquired-not-released	0
rule	recursive-lock-reentry-risk	0
rule	thread-spawned-without-error-handler	0
rule	unsynchronized-shared-mutation	0
rule	asdf-perform-without-call-next-method	0
rule	asdf-self-referential-depends-on	0
rule	defpackage-without-in-package	0
rule	block-name-shadows-outer-block	0
rule	dotimes-dolist-index-var-mutated	0
rule	go-to-undefined-tag	0
rule	multiple-value-bind-all-ignored	0
rule	return-from-unmatched-block	0
rule	return-outside-implicit-nil-block	0
rule	tagbody-unreachable-tag	0
rule	case-key-eql-pitfall	0
rule	cond-to-case-candidate	0
rule	nested-cond-flattenable	0
rule	when-unless-implicit-nil-misused	0
rule	format-tilde-slash-unvalidated-function-designator	0
rule	insecure-temp-file-fixed-name-shared-directory	0
rule	path-traversal-via-concatenated-filename	0
rule	read-eval-star-rebound-to-t	0
rule	sql-query-string-built-via-format	0
rule	world-writable-file-mode-in-open-call	0
rule	redundant-full-sequence-traversal-fusable-maps	0
rule	unnecessary-sort-before-extremum-extraction	0
rule	char-code-limit-loop-assumption	0
rule	namestring-round-trip-assumption	0
rule	sort-not-guaranteed-stable	0
rule	nested-function-parameter-shadows-enclosing-parameter	0
rule	docstring-example-stale-arity	0
rule	clojure-pre-post-vacuous	0
rule	typed-racket-arity-mismatch	0
rule	intern-dynamic-package-target	0
rule	introspection-probe-unchecked	0
rule	symbol-function-fset-dynamic-name	0
rule	destructuring-bind-unused-whole	0
rule	loop-collect-into-immediately-returned	0
rule	flet-single-use-inlinable	0
rule	multiple-value-setq-arity-mismatch	0
rule	with-open-file-redundant-direction-default	0
rule	ftype-values-arity-mismatch	0
rule	with-accessors-empty-binding-list	0
rule	quoted-form-contains-stray-unquote	0
rule	hash-table-iteration-order-assumed	0
rule	set-membership-via-linear-scan	0
rule	nested-get-chain	0
rule	redundant-into-empty-collection	0
rule	mixed-float-precision-arithmetic	0
rule	division-result-precision-loss	0
rule	epsilon-less-float-loop-bound	0
rule	redundant-precision-coercion	0
rule	format-unknown-directive	0
rule	format-percent-ampersand-adjacent-redundancy	0
rule	format-nested-directive-unbalanced	0
rule	package-circular-in-package-chain	0
rule	elisp-interactive-arity-mismatch	0
rule	elisp-save-excursion-set-buffer	0
rule	elisp-require-obsolete-cl	0
rule	pathname-built-by-concatenation	0
rule	output-stream-without-if-exists	0
rule	pathname-component-compared-case-sensitively	0
rule	directory-without-wild-component	0
rule	with-open-file-result-captures-stream	0
rule	with-open-returns-lazy-seq	0
rule	def-inside-function-body	0
rule	single-key-nested-path	0
rule	apply-with-literal-collection	0
rule	scheme-begin-single-form	0
rule	scheme-let-star-independent-bindings	0
rule	scheme-memq-assq-literal-key	0
rule	scheme-named-let-never-recurs	0
rule	var-never-set	0
rule	fennel-deprecated-form	0
rule	fennel-each-over-non-iterator	0
rule	janet-empty-loop-body	0
rule	janet-mutating-immutable-literal	0
rule	declare-not-at-head-of-body	0
rule	declaim-inside-body	0
rule	type-declaration-contradicts-initform	0
rule	the-form-with-impossible-type	0
rule	type-declaration-on-rest-parameter	0
finding	elisp-macro-missing-declare	warning	malformed	fixable=false	emacs-lisp.el	344	missing editor declaration: macro `fixture-macro` is defined without one; add a leading (declare (indent ...)) and/or (declare (debug ...)) form so Emacs indents and Edebug instruments calls to this macro correctly	elisp-macro-missing-declare/3f509c1d426873fb/0
finding	elisp-missing-lexical-binding	warning	suspicious	fixable=false	emacs-lisp.el	0	no `lexical-binding` setting on the first line, so this file is evaluated with dynamic binding; add `-*- lexical-binding: t -*-`	elisp-missing-lexical-binding/48686428ba8a57d0/0
finding	elisp-unreachable-lexical-binding	error	suspicious	fixable=false	emacs-lisp.el	911	`lexical-binding` is read from the first line only, so this setting has no effect and the file is evaluated with dynamic binding	elisp-unreachable-lexical-binding/7bec796cbb2809fb/0
finding	elisp-autoload-cookie-without-form	error	suspicious	fixable=false	emacs-lisp.el	748	this autoload cookie is nested inside a top-level form; `loaddefs` extracts top-level definitions only, so it produces no autoload	elisp-autoload-cookie-without-form/1d02fc8f50fffe50/0
finding	elisp-autoload-cookie-without-form	error	suspicious	fixable=false	emacs-lisp.el	970	this autoload cookie is followed by no top-level form, so `loaddefs` generation silently produces no autoload for it	elisp-autoload-cookie-without-form/1d02fc8f50fffe50/1
finding	elisp-defcustom-missing-type	warning	malformed	fixable=false	emacs-lisp.el	265	defcustom fixture-option has no :type, so Customize cannot offer a widget for it	elisp-defcustom-missing-type/9fccc736d0e46b79/0
finding	elisp-defcustom-missing-group	warning	malformed	fixable=false	emacs-lisp.el	265	defcustom fixture-option has no :group, so its placement in the Customize tree depends on file order	elisp-defcustom-missing-group/9fccc736d0e46b79/0
finding	elisp-obsolete-cl-alias	error	suspicious	fixable=false	emacs-lisp.el	505	`loop` was removed in Emacs 27.1; use `cl-loop`	elisp-obsolete-cl-alias/cdece4ad70d57deb/0
finding	elisp-quoted-lambda	error	suspicious	fixable=true	emacs-lisp.el	621	a quoted lambda evaluates to a list, not a closure; drop the quote or write `#'` so the body captures its enclosing scope	elisp-quoted-lambda/d01b8b8f281f7655/0
finding	elisp-interactive-in-macro	error	suspicious	fixable=false	emacs-lisp.el	418	macro fixture-macro declares itself interactive, but a macro is expanded rather than called and cannot be a command; `defun` was probably meant	elisp-interactive-in-macro/b042d29eb1a42a48/0
finding	elisp-condition-case-without-handler	error	suspicious	fixable=false	emacs-lisp.el	700	this condition-case has no handler clauses, so it evaluates its body form and catches nothing	elisp-condition-case-without-handler/e02bbaeea25cf9c0/0
