{
  "fix_count": 1,
  "fixes": [
    {
      "description": "Drop the quote so the lambda is a closure",
      "id": "elisp-quoted-lambda/d01b8b8f281f7655/0",
      "path": "emacs-lisp.el",
      "replacements": [
        {
          "byte_length": 20,
          "byte_offset": 629,
          "text": "(lambda (n)\n     n)"
        }
      ],
      "rule": "elisp-quoted-lambda",
      "span": {
        "end": 649,
        "start": 629
      }
    }
  ],
  "next_commands": [
    {
      "command": "paredit fix apply emacs-lisp.el --output json",
      "why": "1 fixable finding(s) found; this applies them."
    }
  ],
  "schema_version": 1
}
