{
  "fix_count": 19,
  "fixes": [
    {
      "description": "Remove the redundant quote",
      "id": "redundant-quote/07bb8307b4864109/0",
      "path": "nested.lisp",
      "replacements": [
        {
          "byte_length": 2,
          "byte_offset": 863,
          "text": "5"
        }
      ],
      "rule": "redundant-quote",
      "span": {
        "end": 865,
        "start": 863
      }
    },
    {
      "description": "Unwrap the redundant progn",
      "id": "redundant-progn/9715182cb9f63314/0",
      "path": "nested.lisp",
      "replacements": [
        {
          "byte_length": 18,
          "byte_offset": 267,
          "text": "(or x)"
        }
      ],
      "rule": "redundant-progn",
      "span": {
        "end": 285,
        "start": 267
      }
    },
    {
      "description": "Unwrap the redundant progn",
      "id": "redundant-progn/8d949e5fcf0552a8/0",
      "path": "nested.lisp",
      "replacements": [
        {
          "byte_length": 14,
          "byte_offset": 852,
          "text": "'5"
        }
      ],
      "rule": "redundant-progn",
      "span": {
        "end": 866,
        "start": 852
      }
    },
    {
      "description": "Unwrap the redundant progn",
      "id": "redundant-progn/d76c6d3cd567aa37/0",
      "path": "nested.lisp",
      "replacements": [
        {
          "byte_length": 17,
          "byte_offset": 936,
          "text": "a"
        }
      ],
      "rule": "redundant-progn",
      "span": {
        "end": 953,
        "start": 936
      }
    },
    {
      "description": "Splice the nested progn into the enclosing progn",
      "id": "nested-progn/32d9beb078a330f2/0",
      "path": "nested.lisp",
      "replacements": [
        {
          "byte_length": 49,
          "byte_offset": 523,
          "text": "b\n      (progn\n        c\n        d)"
        }
      ],
      "rule": "nested-progn",
      "span": {
        "end": 572,
        "start": 523
      }
    },
    {
      "description": "Splice the nested progn into the enclosing progn",
      "id": "nested-progn/92784ad7b319e3e5/0",
      "path": "nested.lisp",
      "replacements": [
        {
          "byte_length": 27,
          "byte_offset": 544,
          "text": "c\n        d"
        }
      ],
      "rule": "nested-progn",
      "span": {
        "end": 571,
        "start": 544
      }
    },
    {
      "description": "Merge the nested when tests with and",
      "id": "nested-when/01c713b3cc5714bd/0",
      "path": "nested.lisp",
      "replacements": [
        {
          "byte_length": 50,
          "byte_offset": 324,
          "text": "(when (and a b) (when c\n        (act)))"
        }
      ],
      "rule": "nested-when",
      "span": {
        "end": 374,
        "start": 324
      }
    },
    {
      "description": "Merge the nested when tests with and",
      "id": "nested-when/47f3cc8d19ddaaf5/0",
      "path": "nested.lisp",
      "replacements": [
        {
          "byte_length": 37,
          "byte_offset": 336,
          "text": "(when (and b c) (act))"
        }
      ],
      "rule": "nested-when",
      "span": {
        "end": 373,
        "start": 336
      }
    },
    {
      "description": "Merge the nested unless tests with or",
      "id": "nested-unless/835cbf88e8f4a683/0",
      "path": "nested.lisp",
      "replacements": [
        {
          "byte_length": 56,
          "byte_offset": 415,
          "text": "(unless (or a b) (unless c\n        (act)))"
        }
      ],
      "rule": "nested-unless",
      "span": {
        "end": 471,
        "start": 415
      }
    },
    {
      "description": "Merge the nested unless tests with or",
      "id": "nested-unless/4f88eac26094a26d/0",
      "path": "nested.lisp",
      "replacements": [
        {
          "byte_length": 41,
          "byte_offset": 429,
          "text": "(unless (or b c) (act))"
        }
      ],
      "rule": "nested-unless",
      "span": {
        "end": 470,
        "start": 429
      }
    },
    {
      "description": "Flatten the nested same-operator and/or",
      "id": "nested-boolean/f45659592901beaf/0",
      "path": "nested.lisp",
      "replacements": [
        {
          "byte_length": 23,
          "byte_offset": 787,
          "text": "q (or r (or p q))"
        }
      ],
      "rule": "nested-boolean",
      "span": {
        "end": 810,
        "start": 787
      }
    },
    {
      "description": "Flatten the nested same-operator and/or",
      "id": "nested-boolean/d0023e693387d698/0",
      "path": "nested.lisp",
      "replacements": [
        {
          "byte_length": 8,
          "byte_offset": 800,
          "text": "p q"
        }
      ],
      "rule": "nested-boolean",
      "span": {
        "end": 808,
        "start": 800
      }
    },
    {
      "description": "Combine the nested accessors into cadr",
      "id": "nested-cxr/711a5272cecca21e/0",
      "path": "nested.lisp",
      "replacements": [
        {
          "byte_length": 19,
          "byte_offset": 611,
          "text": "(cadr (cdr x))"
        }
      ],
      "rule": "nested-cxr",
      "span": {
        "end": 630,
        "start": 611
      }
    },
    {
      "description": "Combine the nested accessors into cddr",
      "id": "nested-cxr/3c85de2e7690aceb/0",
      "path": "nested.lisp",
      "replacements": [
        {
          "byte_length": 13,
          "byte_offset": 616,
          "text": "(cddr x)"
        }
      ],
      "rule": "nested-cxr",
      "span": {
        "end": 629,
        "start": 616
      }
    },
    {
      "description": "Splice the progn into the enclosing defun",
      "id": "redundant-body-progn/cf5441812f2f8395/0",
      "path": "nested.lisp",
      "replacements": [
        {
          "byte_length": 73,
          "byte_offset": 506,
          "text": "a\n    (progn\n      b\n      (progn\n        c\n        d))\n    e"
        }
      ],
      "rule": "redundant-body-progn",
      "span": {
        "end": 579,
        "start": 506
      }
    },
    {
      "description": "Splice the progn into the enclosing when",
      "id": "redundant-body-progn/656d6b2196b97388/0",
      "path": "nested.lisp",
      "replacements": [
        {
          "byte_length": 41,
          "byte_offset": 697,
          "text": "(step-one)\n      (step-two)"
        }
      ],
      "rule": "redundant-body-progn",
      "span": {
        "end": 738,
        "start": 697
      }
    },
    {
      "description": "Rewrite the empty let as progn",
      "id": "empty-let/dc954b1687c1363e/0",
      "path": "nested.lisp",
      "replacements": [
        {
          "byte_length": 7,
          "byte_offset": 922,
          "text": "(progn"
        }
      ],
      "rule": "empty-let",
      "span": {
        "end": 954,
        "start": 922
      }
    },
    {
      "description": "Rewrite the redundant let* as let",
      "id": "redundant-let-star/0f0bdbf55650550e/0",
      "path": "nested.lisp",
      "replacements": [
        {
          "byte_length": 4,
          "byte_offset": 905,
          "text": "let"
        }
      ],
      "rule": "redundant-let-star",
      "span": {
        "end": 955,
        "start": 904
      }
    },
    {
      "description": "Unwrap the single-operand or",
      "id": "single-operand-boolean/242e39c274656eed/0",
      "path": "nested.lisp",
      "replacements": [
        {
          "byte_length": 6,
          "byte_offset": 278,
          "text": "x"
        }
      ],
      "rule": "single-operand-boolean",
      "span": {
        "end": 284,
        "start": 278
      }
    }
  ],
  "next_commands": [
    {
      "command": "paredit fix apply nested.lisp --output json",
      "why": "19 fixable finding(s) found; this applies them."
    }
  ],
  "schema_version": 1
}
