{
  "fix_count": 1,
  "fixes": [
    {
      "description": "Remove the redundant quote",
      "id": "redundant-quote/07bb8007b4863bf0/0",
      "path": "suppressed.lisp",
      "replacements": [
        {
          "byte_length": 2,
          "byte_offset": 337,
          "text": "6"
        }
      ],
      "rule": "redundant-quote",
      "span": {
        "end": 339,
        "start": 337
      }
    }
  ],
  "next_commands": [
    {
      "command": "paredit fix apply suppressed.lisp --output json",
      "why": "1 fixable finding(s) found; this applies them."
    }
  ],
  "schema_version": 1
}
