finding_count	2
rule	self-assignment	0
rule	duplicate-setf-places	0
rule	setf-arity	0
rule	setq-non-variable	0
rule	manual-incf	0
rule	manual-push	0
rule	manual-pushnew	0
rule	explicit-step-delta	0
rule	negated-step-delta	0
rule	explicit-nil-return	0
rule	cons-to-list	0
rule	double-reverse	0
rule	modify-macro-arity	0
rule	duplicate-parameters	0
rule	duplicate-lambda-list-keyword	0
rule	lambda-list-keyword-order	0
rule	redundant-quote	1
rule	redundant-progn	0
rule	nested-progn	0
rule	nested-when	0
rule	nested-unless	0
rule	nested-boolean	0
rule	nested-cxr	0
rule	nth-constant-index	0
rule	nthcdr-zero	0
rule	nthcdr-small-index	0
rule	redundant-body-progn	0
rule	empty-let	0
rule	redundant-if-nil	0
rule	redundant-let-star	0
rule	redundant-funcall	0
rule	redundant-the	0
rule	funcall-lambda	0
rule	sharp-quoted-lambda	0
rule	redundant-identity	0
rule	redundant-apply	0
rule	redundant-eql-test	0
rule	redundant-identity-key	0
rule	negated-when-unless	0
rule	negated-comparison	0
rule	negated-if	0
rule	if-to-or	0
rule	if-not	0
rule	one-step-arithmetic	0
rule	one-armed-if	0
rule	self-comparison	0
rule	nil-comparison	0
rule	t-comparison	0
rule	identical-if-branches	0
rule	constant-if-test	0
rule	constant-when-test	0
rule	if-arity	0
rule	the-arity	0
rule	equality-arity	0
rule	accessor-arity	0
rule	append-list-to-cons	0
rule	format-to-string	0
rule	format-newline	0
rule	redundant-divisor	0
rule	duplicate-case-keys	0
rule	quoted-case-key	0
rule	case-nil-key	0
rule	typecase-nil-key	0
rule	malformed-case-clause	0
rule	unreachable-case-clause	0
rule	exhaustive-case-otherwise	0
rule	duplicate-cond-tests	0
rule	unreachable-cond-clause	0
rule	malformed-cond-clause	0
rule	duplicate-let-bindings	0
rule	malformed-let-binding	0
rule	binds-constant	0
rule	malformed-iteration-spec	0
rule	eval-when-situation	0
rule	duplicate-boolean-operands	0
rule	dead-boolean-operand	0
rule	redundant-boolean-identity	0
rule	de-morgan	0
rule	single-operand-boolean	0
rule	single-operand-list-op	0
rule	single-operand-arithmetic	0
rule	eql-string-comparison	0
rule	eql-list-comparison	0
rule	eql-search-literal	0
rule	eq-number-comparison	0
rule	eq-char-comparison	0
rule	single-arg-comparison	0
rule	sign-comparison	0
rule	single-clause-cond	0
rule	cond-t-clause	0
rule	single-value-bind	0
rule	format-missing-destination	0
rule	literal-place	0
rule	destructive-literal	0
rule	char-op-string	0
rule	empty-body	0
rule	identity-arithmetic	0
rule	verbose-negation	0
rule	list-star-to-cons	0
rule	values-list-of-list	0
rule	redundant-prog1	0
rule	subseq-zero	0
rule	car-nthcdr	0
rule	car-reverse	0
rule	append-nil	0
rule	multiple-value-list-of-values	0
rule	typep-predicate	0
rule	coerce-to-t	0
rule	gethash-default	0
rule	make-hash-table-test	0
rule	zero-divisor	0
rule	duplicate-keyword	0
rule	defpackage-quoted	0
rule	step-zero	0
rule	if-to-unless	0
rule	prog2-to-progn	0
rule	handler-case-no-clauses	0
rule	unwind-protect-no-cleanup	0
rule	redundant-start-zero	0
rule	redundant-end-nil	0
rule	redundant-from-end-nil	0
rule	redundant-count-nil	0
rule	string-case-fold	0
rule	char-case-fold	0
rule	nested-string-case	0
rule	code-char-char-code	0
rule	last-default-count	0
rule	butlast-default-count	0
rule	make-list-default-element	0
rule	parse-integer-default-radix	0
rule	getf-default-nil	0
rule	make-array-default-keyword	0
rule	nested-char-case	0
rule	list-star-nil	0
rule	length-emptiness-test	0
rule	quadratic-accumulation	0
rule	linear-search-in-loop	0
rule	unnecessary-copy	0
rule	copy-before-destructive	0
rule	implementation-package-symbol	0
rule	unportable-pathname	0
rule	ascii-code-char	0
rule	float-equality	0
rule	global-mutation-in-function	0
rule	check-then-act	0
rule	eval-of-non-constant	0
rule	read-without-read-eval-guard	0
rule	subprocess-string-building	0
rule	unclosed-stream	0
rule	stream-escapes-with-open-file	0
rule	handler-case-swallows-error	0
rule	unreachable-handler-clause	0
rule	ignore-declaration-conflict	0
rule	contradictory-optimize	0
rule	defclass-slot-option	0
rule	method-lambda-list-mismatch	0
rule	macro-variable-capture	0
rule	elisp-missing-lexical-binding	0
rule	elisp-unreachable-lexical-binding	0
rule	elisp-autoload-cookie-without-form	0
rule	elisp-defcustom-missing-type	0
rule	elisp-defcustom-missing-group	0
rule	elisp-obsolete-cl-alias	0
rule	elisp-quoted-lambda	0
rule	elisp-interactive-in-macro	0
rule	elisp-condition-case-without-handler	0
rule	embedded-secret	0
rule	giant-conditional-form	0
rule	redundant-condition-supertype	0
rule	commented-out-code	0
rule	execution-order-dependency	0
rule	declarative-style-score	1
rule	package-level-shadowing	0
rule	self-recursive-tail-call	0
finding	redundant-quote	warning	suspicious	fixable=true	suppressed.lisp	338	quoting number 6 is redundant	redundant-quote/07bb8007b4863bf0/0
finding	declarative-style-score	warning	suspicious	fixable=false	suppressed.lisp	0	this file's declarative-style score is 0% (5 top-level forms), below the 80% threshold	declarative-style-score/2f534fdd67304360/0
