{
  "finding_count": 2,
  "findings": [
    {
      "category": "suspicious",
      "fixable": true,
      "id": "redundant-quote/07bb8007b4863bf0/0",
      "message": "quoting number 6 is redundant",
      "path": "suppressed.lisp",
      "rule": "redundant-quote",
      "severity": "warning",
      "span": {
        "end": 340,
        "start": 338
      }
    },
    {
      "category": "suspicious",
      "fixable": false,
      "id": "declarative-style-score/2f534fdd67304360/0",
      "message": "this file's declarative-style score is 0% (5 top-level forms), below the 80% threshold",
      "path": "suppressed.lisp",
      "rule": "declarative-style-score",
      "severity": "warning",
      "span": {
        "end": 500,
        "start": 0
      }
    }
  ],
  "partial_failures": [],
  "per_rule": [
    {
      "category": "suspicious",
      "count": 0,
      "description": "a setq/setf/psetq/psetf that assigns a place to itself",
      "rule": "self-assignment"
    },
    {
      "category": "duplicate",
      "count": 0,
      "description": "a setf/setq/psetf/psetq that assigns the same variable more than once ((setf a 1 a 2))",
      "rule": "duplicate-setf-places"
    },
    {
      "category": "arity",
      "count": 0,
      "description": "a setq/setf/psetq/psetf with an odd argument count",
      "rule": "setf-arity"
    },
    {
      "category": "malformed",
      "count": 0,
      "description": "a setq/psetq place that is not a variable (a list, literal, or constant)",
      "rule": "setq-non-variable"
    },
    {
      "category": "suspicious",
      "count": 0,
      "description": "a setf/setq that manually increments a variable ((setf x (1+ x)) is (incf x))",
      "rule": "manual-incf"
    },
    {
      "category": "suspicious",
      "count": 0,
      "description": "a setf/setq that manually conses onto a variable ((setf x (cons e x)) is (push e x))",
      "rule": "manual-push"
    },
    {
      "category": "suspicious",
      "count": 0,
      "description": "a setf/setq that manually adjoins onto a variable ((setf x (adjoin e x)) is (pushnew e x))",
      "rule": "manual-pushnew"
    },
    {
      "category": "suspicious",
      "count": 0,
      "description": "an incf/decf with an explicit delta of 1, the default ((incf x 1) is (incf x))",
      "rule": "explicit-step-delta"
    },
    {
      "category": "suspicious",
      "count": 0,
      "description": "an incf/decf with a negative literal delta, which flips the operator ((incf x -1) is (decf x))",
      "rule": "negated-step-delta"
    },
    {
      "category": "suspicious",
      "count": 0,
      "description": "a return/return-from with an explicit nil result, the default ((return nil) is (return))",
      "rule": "explicit-nil-return"
    },
    {
      "category": "suspicious",
      "count": 0,
      "description": "a cons onto nil or a list literal ((cons a nil) is (list a); (cons a (list b)) is (list a b))",
      "rule": "cons-to-list"
    },
    {
      "category": "suspicious",
      "count": 0,
      "description": "a (reverse (reverse x)), a wasteful obfuscated copy ((reverse (reverse x)) is (copy-seq x))",
      "rule": "double-reverse"
    },
    {
      "category": "arity",
      "count": 0,
      "description": "an incf/decf/push/pop call with the wrong number of arguments",
      "rule": "modify-macro-arity"
    },
    {
      "category": "duplicate",
      "count": 0,
      "description": "a lambda list that names the same parameter more than once",
      "rule": "duplicate-parameters"
    },
    {
      "category": "duplicate",
      "count": 0,
      "description": "a lambda list that repeats a lambda-list keyword (&optional, &key, ...)",
      "rule": "duplicate-lambda-list-keyword"
    },
    {
      "category": "malformed",
      "count": 0,
      "description": "lambda-list keywords out of the canonical &optional/&rest/&key/&aux order",
      "rule": "lambda-list-keyword-order"
    },
    {
      "category": "suspicious",
      "count": 1,
      "description": "a self-evaluating literal (number/string/char/keyword) quoted redundantly",
      "rule": "redundant-quote"
    },
    {
      "category": "suspicious",
      "count": 0,
      "description": "a progn that is empty or wraps a single form (progn X is just X)",
      "rule": "redundant-progn"
    },
    {
      "category": "suspicious",
      "count": 0,
      "description": "a multi-form progn nested directly inside another progn (its forms splice in)",
      "rule": "nested-progn"
    },
    {
      "category": "suspicious",
      "count": 0,
      "description": "a when whose only body is a when, mergeable by and ((when a (when b c)) is (when (and a b) c))",
      "rule": "nested-when"
    },
    {
      "category": "suspicious",
      "count": 0,
      "description": "an unless whose only body is an unless, mergeable by or ((unless a (unless b c)) is (unless (or a b) c))",
      "rule": "nested-unless"
    },
    {
      "category": "suspicious",
      "count": 0,
      "description": "a same-operator and/or nested in an and/or, which flattens ((or a (or b c)) is (or a b c))",
      "rule": "nested-boolean"
    },
    {
      "category": "suspicious",
      "count": 0,
      "description": "nested car/cdr accessors that combine into one ((car (cdr x)) is (cadr x))",
      "rule": "nested-cxr"
    },
    {
      "category": "suspicious",
      "count": 0,
      "description": "an nth with a small constant index that has an ordinal accessor ((nth 0 x) is (first x))",
      "rule": "nth-constant-index"
    },
    {
      "category": "suspicious",
      "count": 0,
      "description": "an nthcdr with a zero count, which returns the list unchanged ((nthcdr 0 x) is x)",
      "rule": "nthcdr-zero"
    },
    {
      "category": "suspicious",
      "count": 0,
      "description": "an nthcdr with a 1-4 count that has a named cdr accessor ((nthcdr 2 x) is (cddr x))",
      "rule": "nthcdr-small-index"
    },
    {
      "category": "suspicious",
      "count": 0,
      "description": "a multi-form progn used as a when/unless/let/defun/... body (its forms splice in)",
      "rule": "redundant-body-progn"
    },
    {
      "category": "suspicious",
      "count": 0,
      "description": "a let with an empty binding list, which is just progn ((let () body) is (progn body))",
      "rule": "empty-let"
    },
    {
      "category": "suspicious",
      "count": 0,
      "description": "a three-argument if whose else branch is a redundant literal nil ((if c x nil) is (if c x))",
      "rule": "redundant-if-nil"
    },
    {
      "category": "suspicious",
      "count": 0,
      "description": "a let* with zero or one binding, which is just let (no sequential scope in play)",
      "rule": "redundant-let-star"
    },
    {
      "category": "suspicious",
      "count": 0,
      "description": "a funcall of a sharp-quoted symbol ((funcall #'foo a b) is just (foo a b))",
      "rule": "redundant-funcall"
    },
    {
      "category": "suspicious",
      "count": 0,
      "description": "a (the t form) type declaration, which is vacuous and is just form (t matches every object)",
      "rule": "redundant-the"
    },
    {
      "category": "suspicious",
      "count": 0,
      "description": "a funcall of a lambda form, which applies directly ((funcall (lambda (x) x) a) is ((lambda (x) x) a))",
      "rule": "funcall-lambda"
    },
    {
      "category": "suspicious",
      "count": 0,
      "description": "a lambda form with a redundant #' prefix (#'(lambda (x) x) is (lambda (x) x))",
      "rule": "sharp-quoted-lambda"
    },
    {
      "category": "suspicious",
      "count": 0,
      "description": "an identity call, which returns its argument unchanged ((identity x) is just x)",
      "rule": "redundant-identity"
    },
    {
      "category": "suspicious",
      "count": 0,
      "description": "an apply of a sharp-quoted symbol to a literal list ((apply #'foo (list a b)) is (foo a b))",
      "rule": "redundant-apply"
    },
    {
      "category": "suspicious",
      "count": 0,
      "description": "an eql-defaulting call with an explicit :test #'eql, the default ((find x l :test #'eql) is (find x l))",
      "rule": "redundant-eql-test"
    },
    {
      "category": "suspicious",
      "count": 0,
      "description": "a :key-taking call with an explicit :key #'identity/nil, the default ((sort xs #'< :key #'identity) is (sort xs #'<))",
      "rule": "redundant-identity-key"
    },
    {
      "category": "suspicious",
      "count": 0,
      "description": "a when/unless whose test is a (not X)/(null X) negation (flip the macro instead)",
      "rule": "negated-when-unless"
    },
    {
      "category": "suspicious",
      "count": 0,
      "description": "a not/null of a two-argument numeric comparison ((not (= a b)) is (/= a b))",
      "rule": "negated-comparison"
    },
    {
      "category": "suspicious",
      "count": 0,
      "description": "a three-argument if with a negated test ((if (not c) a b) is (if c b a))",
      "rule": "negated-if"
    },
    {
      "category": "suspicious",
      "count": 0,
      "description": "an if whose test and then are the same atom ((if x x y) is (or x y))",
      "rule": "if-to-or"
    },
    {
      "category": "suspicious",
      "count": 0,
      "description": "a three-argument if with then=nil and else=t ((if test nil t) is (not test))",
      "rule": "if-not"
    },
    {
      "category": "suspicious",
      "count": 0,
      "description": "a +/- of a literal 1 with a shorthand ((+ x 1) is (1+ x); (- x 1) is (1- x))",
      "rule": "one-step-arithmetic"
    },
    {
      "category": "suspicious",
      "count": 0,
      "description": "a two-argument if with no else branch ((if test then) is (when test then))",
      "rule": "one-armed-if"
    },
    {
      "category": "suspicious",
      "count": 0,
      "description": "a comparison whose two operands are structurally identical",
      "rule": "self-comparison"
    },
    {
      "category": "suspicious",
      "count": 0,
      "description": "an eq/eql/equal/equalp comparison against nil ((eq x nil) is just (null x))",
      "rule": "nil-comparison"
    },
    {
      "category": "suspicious",
      "count": 0,
      "description": "an eq/eql/equal/equalp comparison against t (only matches the symbol T, not any true value)",
      "rule": "t-comparison"
    },
    {
      "category": "dead-code",
      "count": 0,
      "description": "an if whose then and else branches are structurally identical",
      "rule": "identical-if-branches"
    },
    {
      "category": "dead-code",
      "count": 0,
      "description": "an if whose test is the literal t or nil ((if t a b) is a; (if nil a b) is b)",
      "rule": "constant-if-test"
    },
    {
      "category": "dead-code",
      "count": 0,
      "description": "a when/unless with a literal t/nil test ((when t b) is (progn b); (when nil b) is nil)",
      "rule": "constant-when-test"
    },
    {
      "category": "arity",
      "count": 0,
      "description": "an if with the wrong number of arguments (Common Lisp if takes 2 or 3)",
      "rule": "if-arity"
    },
    {
      "category": "arity",
      "count": 0,
      "description": "a the special form without exactly two arguments (a type and a form)",
      "rule": "the-arity"
    },
    {
      "category": "arity",
      "count": 0,
      "description": "an eq/eql/equal/equalp call without exactly two arguments",
      "rule": "equality-arity"
    },
    {
      "category": "arity",
      "count": 0,
      "description": "an nth/elt/gethash/getf/... accessor with the wrong number of arguments",
      "rule": "accessor-arity"
    },
    {
      "category": "suspicious",
      "count": 0,
      "description": "a one-element append that is just a cons ((append (list x) rest) is (cons x rest))",
      "rule": "append-list-to-cons"
    },
    {
      "category": "suspicious",
      "count": 0,
      "description": "a (format nil \"~A\"/\"~S\" x), which is (princ-to-string x)/(prin1-to-string x)",
      "rule": "format-to-string"
    },
    {
      "category": "suspicious",
      "count": 0,
      "description": "a (format t \"~%\"), which is just (terpri) (write a newline to standard output)",
      "rule": "format-newline"
    },
    {
      "category": "suspicious",
      "count": 0,
      "description": "a quotient op with a redundant divisor of 1 ((floor x 1) is (floor x))",
      "rule": "redundant-divisor"
    },
    {
      "category": "duplicate",
      "count": 0,
      "description": "a case/ecase/ccase key repeated across more than one clause",
      "rule": "duplicate-case-keys"
    },
    {
      "category": "suspicious",
      "count": 0,
      "description": "a case/ecase/ccase clause with a quoted key ('a matches quote and a, not a)",
      "rule": "quoted-case-key"
    },
    {
      "category": "dead-code",
      "count": 0,
      "description": "a case/ecase/ccase clause with a bare nil key, which is the empty key list and never matches (use ((nil) …))",
      "rule": "case-nil-key"
    },
    {
      "category": "dead-code",
      "count": 0,
      "description": "a typecase/etypecase/ctypecase clause with a bare nil type, which is the empty type and never matches (use null)",
      "rule": "typecase-nil-key"
    },
    {
      "category": "malformed",
      "count": 0,
      "description": "a case/typecase clause that is not a non-empty list",
      "rule": "malformed-case-clause"
    },
    {
      "category": "dead-code",
      "count": 0,
      "description": "a case/typecase clause after a t/otherwise catch-all that can never run",
      "rule": "unreachable-case-clause"
    },
    {
      "category": "malformed",
      "count": 0,
      "description": "an ecase/ccase/etypecase/ctypecase with a forbidden t/otherwise clause",
      "rule": "exhaustive-case-otherwise"
    },
    {
      "category": "duplicate",
      "count": 0,
      "description": "a cond test expression repeated across more than one clause",
      "rule": "duplicate-cond-tests"
    },
    {
      "category": "dead-code",
      "count": 0,
      "description": "a cond clause after a t catch-all that can never run",
      "rule": "unreachable-cond-clause"
    },
    {
      "category": "malformed",
      "count": 0,
      "description": "a cond clause that is not a non-empty list",
      "rule": "malformed-cond-clause"
    },
    {
      "category": "duplicate",
      "count": 0,
      "description": "a parallel let that binds the same variable more than once",
      "rule": "duplicate-let-bindings"
    },
    {
      "category": "malformed",
      "count": 0,
      "description": "a let/let* binding that is neither a symbol nor a (var value) pair",
      "rule": "malformed-let-binding"
    },
    {
      "category": "malformed",
      "count": 0,
      "description": "a let/let*/do/do* binding whose variable is a constant (nil, t, or a keyword)",
      "rule": "binds-constant"
    },
    {
      "category": "malformed",
      "count": 0,
      "description": "a dolist/dotimes spec that is not a (var form [result]) list",
      "rule": "malformed-iteration-spec"
    },
    {
      "category": "malformed",
      "count": 0,
      "description": "an eval-when with an invalid situation (not :compile-toplevel/:load-toplevel/:execute)",
      "rule": "eval-when-situation"
    },
    {
      "category": "duplicate",
      "count": 0,
      "description": "an and/or that lists the same operand more than once",
      "rule": "duplicate-boolean-operands"
    },
    {
      "category": "dead-code",
      "count": 0,
      "description": "an and/or whose non-final constant operand makes later operands dead",
      "rule": "dead-boolean-operand"
    },
    {
      "category": "suspicious",
      "count": 0,
      "description": "an and/or with a redundant identity operand (t in and, nil in or; (and a t b) is (and a b))",
      "rule": "redundant-boolean-identity"
    },
    {
      "category": "suspicious",
      "count": 0,
      "description": "an and/or of all negations, collapsible by De Morgan ((and (not a) (not b)) is (not (or a b)))",
      "rule": "de-morgan"
    },
    {
      "category": "suspicious",
      "count": 0,
      "description": "a single-operand and/or ((and X) and (or X) are just X)",
      "rule": "single-operand-boolean"
    },
    {
      "category": "suspicious",
      "count": 0,
      "description": "a single-argument append/nconc/list*, which returns its argument unchanged ((append x) is x)",
      "rule": "single-operand-list-op"
    },
    {
      "category": "suspicious",
      "count": 0,
      "description": "a single-operand +/* ((+ X) and (* X) are just X)",
      "rule": "single-operand-arithmetic"
    },
    {
      "category": "suspicious",
      "count": 0,
      "description": "an eq/eql compared against a string literal (never reliably eql)",
      "rule": "eql-string-comparison"
    },
    {
      "category": "suspicious",
      "count": 0,
      "description": "an eq/eql compared against a quoted list literal (never reliably eql)",
      "rule": "eql-list-comparison"
    },
    {
      "category": "suspicious",
      "count": 0,
      "description": "a member/assoc/find/substitute/adjoin/... searching for a string/list literal without :test (default eql won't match)",
      "rule": "eql-search-literal"
    },
    {
      "category": "suspicious",
      "count": 0,
      "description": "an eq compared against a number literal (eq on numbers is unreliable)",
      "rule": "eq-number-comparison"
    },
    {
      "category": "suspicious",
      "count": 0,
      "description": "an eq compared against a character literal (eq on characters is unreliable; use eql/char=)",
      "rule": "eq-char-comparison"
    },
    {
      "category": "suspicious",
      "count": 0,
      "description": "a numeric comparison (< > <= >= = /=) with one argument (always true; missing an operand?)",
      "rule": "single-arg-comparison"
    },
    {
      "category": "suspicious",
      "count": 0,
      "description": "a =/</> comparison against 0 with a dedicated predicate ((= x 0) is (zerop x))",
      "rule": "sign-comparison"
    },
    {
      "category": "suspicious",
      "count": 0,
      "description": "a cond with one non-t clause that has a body ((cond (test a b)) is (when test a b))",
      "rule": "single-clause-cond"
    },
    {
      "category": "suspicious",
      "count": 0,
      "description": "a cond with one t clause that has a body ((cond (t a b)) is (progn a b))",
      "rule": "cond-t-clause"
    },
    {
      "category": "suspicious",
      "count": 0,
      "description": "a multiple-value-bind of one variable ((multiple-value-bind (x) f body) is (let ((x f)) body))",
      "rule": "single-value-bind"
    },
    {
      "category": "suspicious",
      "count": 0,
      "description": "a format call whose first argument is a string literal (nil/t/stream destination is missing)",
      "rule": "format-missing-destination"
    },
    {
      "category": "malformed",
      "count": 0,
      "description": "an incf/decf/push/pop/pushnew/setf/psetf whose place is a self-evaluating literal (cannot be modified)",
      "rule": "literal-place"
    },
    {
      "category": "suspicious",
      "count": 0,
      "description": "a destructive call (nreverse/sort/delete/nsubstitute/nconc/...) on a quoted list literal (undefined behavior)",
      "rule": "destructive-literal"
    },
    {
      "category": "malformed",
      "count": 0,
      "description": "a character function (char=/char-code/alpha-char-p/...) applied to a string literal (type error)",
      "rule": "char-op-string"
    },
    {
      "category": "suspicious",
      "count": 0,
      "description": "a when/unless/dolist/dotimes with no body (the test/spec runs, then nothing happens)",
      "rule": "empty-body"
    },
    {
      "category": "suspicious",
      "count": 0,
      "description": "an arithmetic form with a redundant identity operand ((+ x 0), (* x 1), (- x 0), (/ x 1))",
      "rule": "identity-arithmetic"
    },
    {
      "category": "suspicious",
      "count": 0,
      "description": "negation written the long way ((- 0 x) and (* x -1) are (- x))",
      "rule": "verbose-negation"
    },
    {
      "category": "suspicious",
      "count": 0,
      "description": "a two-argument list*, which is just a cons ((list* a b) is (cons a b))",
      "rule": "list-star-to-cons"
    },
    {
      "category": "suspicious",
      "count": 0,
      "description": "a values-list of a list constructor ((values-list (list a b)) is (values a b))",
      "rule": "values-list-of-list"
    },
    {
      "category": "suspicious",
      "count": 0,
      "description": "a prog1 wrapping a single form, which is just that form ((prog1 x) is x)",
      "rule": "redundant-prog1"
    },
    {
      "category": "suspicious",
      "count": 0,
      "description": "a subseq from index 0, a whole-sequence copy ((subseq seq 0) is (copy-seq seq))",
      "rule": "subseq-zero"
    },
    {
      "category": "suspicious",
      "count": 0,
      "description": "a car of an nthcdr, which is nth ((car (nthcdr n x)) is (nth n x))",
      "rule": "car-nthcdr"
    },
    {
      "category": "suspicious",
      "count": 0,
      "description": "a car of a reverse, a wasteful full copy ((car (reverse x)) is (car (last x)))",
      "rule": "car-reverse"
    },
    {
      "category": "suspicious",
      "count": 0,
      "description": "a two-argument append with a nil tail, a fresh copy ((append x nil) is (copy-list x))",
      "rule": "append-nil"
    },
    {
      "category": "suspicious",
      "count": 0,
      "description": "a multiple-value-list of a values form ((multiple-value-list (values a b)) is (list a b))",
      "rule": "multiple-value-list-of-values"
    },
    {
      "category": "suspicious",
      "count": 0,
      "description": "a typep against a type with a dedicated predicate ((typep x 'string) is (stringp x))",
      "rule": "typep-predicate"
    },
    {
      "category": "suspicious",
      "count": 0,
      "description": "a coerce to type t, which returns the object unchanged ((coerce x t) is x)",
      "rule": "coerce-to-t"
    },
    {
      "category": "suspicious",
      "count": 0,
      "description": "a gethash with an explicit nil default, the default ((gethash k h nil) is (gethash k h))",
      "rule": "gethash-default"
    },
    {
      "category": "suspicious",
      "count": 0,
      "description": "a make-hash-table with an explicit :test 'eql, the default ((make-hash-table :test 'eql) is (make-hash-table))",
      "rule": "make-hash-table-test"
    },
    {
      "category": "suspicious",
      "count": 0,
      "description": "a division-family form with a literal 0 divisor, a guaranteed division-by-zero ((/ x 0))",
      "rule": "zero-divisor"
    },
    {
      "category": "duplicate",
      "count": 0,
      "description": "a make-* call passing the same keyword argument twice ((make-instance 'c :x 1 :x 2))",
      "rule": "duplicate-keyword"
    },
    {
      "category": "malformed",
      "count": 0,
      "description": "a quoted designator in a defpackage clause, which defpackage does not evaluate ((:export 'foo))",
      "rule": "defpackage-quoted"
    },
    {
      "category": "suspicious",
      "count": 0,
      "description": "an incf/decf with an explicit step of 0, a no-op ((incf x 0))",
      "rule": "step-zero"
    },
    {
      "category": "suspicious",
      "count": 0,
      "description": "a three-argument if with then=nil ((if c nil e) is (unless c e))",
      "rule": "if-to-unless"
    },
    {
      "category": "suspicious",
      "count": 0,
      "description": "a two-form prog2, which is just progn ((prog2 a b) is (progn a b))",
      "rule": "prog2-to-progn"
    },
    {
      "category": "suspicious",
      "count": 0,
      "description": "a handler-case with no handler clauses, which is just its body ((handler-case x) is x)",
      "rule": "handler-case-no-clauses"
    },
    {
      "category": "suspicious",
      "count": 0,
      "description": "an unwind-protect with no cleanup forms, which is just its body ((unwind-protect x) is x)",
      "rule": "unwind-protect-no-cleanup"
    },
    {
      "category": "suspicious",
      "count": 0,
      "description": "a bounded-sequence call with an explicit :start 0, the default ((find x seq :start 0) is (find x seq))",
      "rule": "redundant-start-zero"
    },
    {
      "category": "suspicious",
      "count": 0,
      "description": "a bounded-sequence call with an explicit :end nil, the default ((find x seq :end nil) is (find x seq))",
      "rule": "redundant-end-nil"
    },
    {
      "category": "suspicious",
      "count": 0,
      "description": "a sequence call with an explicit :from-end nil, the default ((find x seq :from-end nil) is (find x seq))",
      "rule": "redundant-from-end-nil"
    },
    {
      "category": "suspicious",
      "count": 0,
      "description": "a remove/delete/substitute call with an explicit :count nil, the default ((remove x seq :count nil) is (remove x seq))",
      "rule": "redundant-count-nil"
    },
    {
      "category": "suspicious",
      "count": 0,
      "description": "a string= of two same-case-folded operands ((string= (string-downcase a) (string-downcase b)) is (string-equal a b))",
      "rule": "string-case-fold"
    },
    {
      "category": "suspicious",
      "count": 0,
      "description": "a char= of two same-case-folded operands ((char= (char-downcase a) (char-downcase b)) is (char-equal a b))",
      "rule": "char-case-fold"
    },
    {
      "category": "suspicious",
      "count": 0,
      "description": "nested string case ops where the outer dominates ((string-upcase (string-downcase s)) is (string-upcase s))",
      "rule": "nested-string-case"
    },
    {
      "category": "suspicious",
      "count": 0,
      "description": "a code-char of a char-code, a round-trip that is just the character ((code-char (char-code c)) is c)",
      "rule": "code-char-char-code"
    },
    {
      "category": "suspicious",
      "count": 0,
      "description": "a last call with an explicit count of 1, the default ((last x 1) is (last x))",
      "rule": "last-default-count"
    },
    {
      "category": "suspicious",
      "count": 0,
      "description": "a butlast/nbutlast call with an explicit count of 1, the default ((butlast x 1) is (butlast x))",
      "rule": "butlast-default-count"
    },
    {
      "category": "suspicious",
      "count": 0,
      "description": "a make-list call with an explicit :initial-element nil, the default ((make-list n :initial-element nil) is (make-list n))",
      "rule": "make-list-default-element"
    },
    {
      "category": "suspicious",
      "count": 0,
      "description": "a parse-integer call with an explicit :radix 10, the default ((parse-integer s :radix 10) is (parse-integer s))",
      "rule": "parse-integer-default-radix"
    },
    {
      "category": "suspicious",
      "count": 0,
      "description": "a getf call with an explicit nil default, the default ((getf p k nil) is (getf p k))",
      "rule": "getf-default-nil"
    },
    {
      "category": "suspicious",
      "count": 0,
      "description": "a make-array call with an explicit :adjustable nil or :fill-pointer nil, the default ((make-array n :adjustable nil) is (make-array n))",
      "rule": "make-array-default-keyword"
    },
    {
      "category": "suspicious",
      "count": 0,
      "description": "nested char case ops where the outer dominates ((char-upcase (char-downcase c)) is (char-upcase c))",
      "rule": "nested-char-case"
    },
    {
      "category": "suspicious",
      "count": 0,
      "description": "a list* with a nil tail, a spelled-out list ((list* a b nil) is (list a b))",
      "rule": "list-star-nil"
    },
    {
      "category": "performance",
      "count": 0,
      "description": "a (length …) call used only to decide whether a sequence is empty, which walks the whole sequence",
      "rule": "length-emptiness-test"
    },
    {
      "category": "performance",
      "count": 0,
      "description": "a loop that grows a sequence by appending to its own accumulated value, which is quadratic",
      "rule": "quadratic-accumulation"
    },
    {
      "category": "performance",
      "count": 0,
      "description": "a loop that linearly searches the same collection on every round, which is quadratic",
      "rule": "linear-search-in-loop"
    },
    {
      "category": "allocation",
      "count": 0,
      "description": "a copy-seq/copy-list result passed to an operator that only reads it, so the copy is garbage",
      "rule": "unnecessary-copy"
    },
    {
      "category": "allocation",
      "count": 0,
      "description": "a fresh copy fed to a destructive operator, where one non-destructive operator does both",
      "rule": "copy-before-destructive"
    },
    {
      "category": "portability",
      "count": 0,
      "description": "a symbol from an implementation's own package, outside any reader conditional guarding it",
      "rule": "implementation-package-symbol"
    },
    {
      "category": "portability",
      "count": 0,
      "description": "a filesystem call given a string that spells one host's path syntax",
      "rule": "unportable-pathname"
    },
    {
      "category": "portability",
      "count": 0,
      "description": "a (code-char N) call with a literal code, which assumes ASCII and hides which character it means",
      "rule": "ascii-code-char"
    },
    {
      "category": "numeric-precision",
      "count": 0,
      "description": "an exact equality test against a float literal, whose result depends on rounding upstream",
      "rule": "float-equality"
    },
    {
      "category": "concurrency",
      "count": 0,
      "description": "a function body assigning to a *special-looking* global, which is shared mutable state",
      "rule": "global-mutation-in-function"
    },
    {
      "category": "concurrency",
      "count": 0,
      "description": "a conditional that tests a place and then assigns to the same place, which another thread can interleave",
      "rule": "check-then-act"
    },
    {
      "category": "security",
      "count": 0,
      "description": "an eval, intern, or read-from-string whose argument is not a literal the source shows",
      "rule": "eval-of-non-constant"
    },
    {
      "category": "security",
      "count": 0,
      "description": "a read of external data with no enclosing *read-eval* nil binding, so #. in the input executes",
      "rule": "read-without-read-eval-guard"
    },
    {
      "category": "security",
      "count": 0,
      "description": "a subprocess launched with a command line built by format or concatenate, which a value can escape",
      "rule": "subprocess-string-building"
    },
    {
      "category": "resource",
      "count": 0,
      "description": "a let-bound (open …) stream with no unwind-protect, so a non-local exit leaks the handle",
      "rule": "unclosed-stream"
    },
    {
      "category": "resource",
      "count": 0,
      "description": "a with-open-file whose last body form is the stream, which the form has already closed",
      "rule": "stream-escapes-with-open-file"
    },
    {
      "category": "conditions",
      "count": 0,
      "description": "a handler-case clause on a broad condition type whose body discards the condition entirely",
      "rule": "handler-case-swallows-error"
    },
    {
      "category": "conditions",
      "count": 0,
      "description": "a handler-case clause whose condition type an earlier clause already covers, so it never runs",
      "rule": "unreachable-handler-clause"
    },
    {
      "category": "declaration",
      "count": 0,
      "description": "an (ignore x) declaration whose variable the body uses, or which names no parameter at all",
      "rule": "ignore-declaration-conflict"
    },
    {
      "category": "declaration",
      "count": 0,
      "description": "an optimize declaration naming one quality twice with different values",
      "rule": "contradictory-optimize"
    },
    {
      "category": "object-system",
      "count": 0,
      "description": "a defclass slot option that is not one of the standard ones, or an :initarg that is not a keyword",
      "rule": "defclass-slot-option"
    },
    {
      "category": "object-system",
      "count": 0,
      "description": "a defmethod whose required-parameter count differs from its defgeneric in the same file",
      "rule": "method-lambda-list-mismatch"
    },
    {
      "category": "suspicious",
      "count": 0,
      "description": "a defmacro template binds a literal name that is not obviously a gensym",
      "rule": "macro-variable-capture"
    },
    {
      "category": "suspicious",
      "count": 0,
      "description": "a macro expansion runs one form more than once: an argument form unquoted twice, or a symbol-macrolet expansion referenced twice",
      "rule": "macro-multiple-evaluation"
    },
    {
      "category": "suspicious",
      "count": 0,
      "description": "a macro template unquotes its parameters in an order the lambda list does not",
      "rule": "macro-parameter-reordering"
    },
    {
      "category": "suspicious",
      "count": 0,
      "description": "a macro template nests three or more quasiquote levels",
      "rule": "macro-deep-quasiquote-nesting"
    },
    {
      "category": "malformed",
      "count": 0,
      "description": "an Emacs Lisp macro with no leading (declare (indent ...)) or (declare (debug ...))",
      "rule": "elisp-macro-missing-declare"
    },
    {
      "category": "suspicious",
      "count": 0,
      "description": "an Emacs Lisp file whose first line does not set lexical-binding",
      "rule": "elisp-missing-lexical-binding"
    },
    {
      "category": "suspicious",
      "count": 0,
      "description": "a lexical-binding setting outside the first line, which Emacs never reads",
      "rule": "elisp-unreachable-lexical-binding"
    },
    {
      "category": "suspicious",
      "count": 0,
      "description": "a ;;;###autoload cookie with no top-level form after it",
      "rule": "elisp-autoload-cookie-without-form"
    },
    {
      "category": "malformed",
      "count": 0,
      "description": "a defcustom with no :type, which leaves Customize editing a raw sexp",
      "rule": "elisp-defcustom-missing-type"
    },
    {
      "category": "malformed",
      "count": 0,
      "description": "a defcustom with no :group, which leaves the option out of the group tree",
      "rule": "elisp-defcustom-missing-group"
    },
    {
      "category": "suspicious",
      "count": 0,
      "description": "an unprefixed cl.el name, removed in Emacs 27.1",
      "rule": "elisp-obsolete-cl-alias"
    },
    {
      "category": "suspicious",
      "count": 0,
      "description": "a quoted lambda, which is a list rather than a closure under lexical binding",
      "rule": "elisp-quoted-lambda"
    },
    {
      "category": "suspicious",
      "count": 0,
      "description": "an (interactive ...) inside a macro definition, which cannot be a command",
      "rule": "elisp-interactive-in-macro"
    },
    {
      "category": "suspicious",
      "count": 0,
      "description": "a condition-case with no handler clauses, which catches nothing",
      "rule": "elisp-condition-case-without-handler"
    },
    {
      "category": "suspicious",
      "count": 0,
      "description": "a definition whose name or literal value is shaped like an embedded credential",
      "rule": "embedded-secret"
    },
    {
      "category": "suspicious",
      "count": 0,
      "description": "a let/let*/cond/case-family form carrying more bindings or clauses than a threshold",
      "rule": "giant-conditional-form"
    },
    {
      "category": "conditions",
      "count": 0,
      "description": "a define-condition whose direct supertype list names a type and one of that type's own same-file ancestors",
      "rule": "redundant-condition-supertype"
    },
    {
      "category": "dead-code",
      "count": 0,
      "description": "a comment whose entire body is a balanced s-expression rather than prose",
      "rule": "commented-out-code"
    },
    {
      "category": "suspicious",
      "count": 0,
      "description": "a top-level form that runs at load time and references a name this file only defines later",
      "rule": "execution-order-dependency"
    },
    {
      "category": "suspicious",
      "count": 1,
      "description": "a file whose fraction of purely-declarative top-level forms falls below a threshold",
      "rule": "declarative-style-score"
    },
    {
      "category": "suspicious",
      "count": 0,
      "description": "an inner let binding or lambda-list parameter that reuses the name of a top-level definition in the same file",
      "rule": "package-level-shadowing"
    },
    {
      "category": "suspicious",
      "count": 0,
      "description": "a function's own name called in tail position of its body, annotated with the target dialect's tail-call guarantee",
      "rule": "self-recursive-tail-call"
    },
    {
      "category": "suspicious",
      "count": 0,
      "description": "a bare debug-print call left in committed source",
      "rule": "leftover-print-debug"
    },
    {
      "category": "suspicious",
      "count": 0,
      "description": "trace or untrace used as a statement, left in committed source",
      "rule": "leftover-trace-call"
    },
    {
      "category": "suspicious",
      "count": 0,
      "description": "a Common Lisp (break ...) left in committed source",
      "rule": "leftover-break-call"
    },
    {
      "category": "suspicious",
      "count": 0,
      "description": "a Common Lisp (inspect x) or (describe x) left in committed source",
      "rule": "leftover-inspect-call"
    },
    {
      "category": "suspicious",
      "count": 0,
      "description": "a Common Lisp (time form) wrapper left in committed source",
      "rule": "leftover-time-benchmark-call"
    },
    {
      "category": "suspicious",
      "count": 0,
      "description": "a Common Lisp (step form) wrapper left in committed source",
      "rule": "leftover-step-call"
    },
    {
      "category": "suspicious",
      "count": 0,
      "description": "a comment block shaped like a pasted REPL session",
      "rule": "commented-repl-transcript"
    },
    {
      "category": "suspicious",
      "count": 0,
      "description": "a (format t ...) whose control string carries a DEBUG/DBG marker",
      "rule": "leftover-format-debug-marker"
    },
    {
      "category": "object-system",
      "count": 0,
      "description": "an :around method whose body never calls call-next-method",
      "rule": "around-method-missing-call-next-method"
    },
    {
      "category": "object-system",
      "count": 0,
      "description": "a slot with no :initform and no :initarg that a method in the file reads",
      "rule": "defclass-required-slot-no-initform-or-initarg"
    },
    {
      "category": "object-system",
      "count": 0,
      "description": "a subclass slot that silently shadows a same-file superclass slot",
      "rule": "defclass-slot-shadowing"
    },
    {
      "category": "duplicate",
      "count": 0,
      "description": "two defmethods with the same name, qualifiers and specializers",
      "rule": "duplicate-defmethod-signature"
    },
    {
      "category": "object-system",
      "count": 0,
      "description": "a defgeneric no defmethod in the file ever specializes",
      "rule": "generic-function-no-methods"
    },
    {
      "category": "object-system",
      "count": 0,
      "description": "a defmethod qualifier outside :before, :after and :around",
      "rule": "method-qualifier-typo"
    },
    {
      "category": "object-system",
      "count": 0,
      "description": "a print-object method that writes to the stream directly",
      "rule": "print-object-without-print-unreadable-object"
    },
    {
      "category": "object-system",
      "count": 0,
      "description": "a slot-value read of a slot the file declares an accessor for",
      "rule": "slot-value-bypasses-accessor"
    },
    {
      "category": "conditions",
      "count": 0,
      "description": "a cerror whose continue-format-control is missing or nil, defeating continuability",
      "rule": "cerror-missing-continue-format"
    },
    {
      "category": "conditions",
      "count": 0,
      "description": "a define-condition with an empty () supertype list, which defaults to condition, not error",
      "rule": "define-condition-empty-superclass-list"
    },
    {
      "category": "conditions",
      "count": 0,
      "description": "an error subtype with no :report option and no same-file superclass supplying one",
      "rule": "define-condition-missing-report-for-error-type"
    },
    {
      "category": "conditions",
      "count": 0,
      "description": "a handler-bind handler ending in a bare value, which handler-bind discards",
      "rule": "handler-bind-handler-returns-bare-value"
    },
    {
      "category": "conditions",
      "count": 0,
      "description": "an ignore-errors around a signal of a same-file non-error condition it cannot catch",
      "rule": "ignore-errors-wraps-non-error-signal"
    },
    {
      "category": "conditions",
      "count": 0,
      "description": "a restart-case clause with no :report option",
      "rule": "restart-case-clause-without-report"
    },
    {
      "category": "conditions",
      "count": 0,
      "description": "a signal of a same-file error subtype, which returns nil instead of entering the debugger",
      "rule": "signal-on-error-condition-returns-silently"
    },
    {
      "category": "suspicious",
      "count": 0,
      "description": "a dolist result form reading the loop variable, which the spec binds to nil there",
      "rule": "dolist-result-form-references-loop-variable"
    },
    {
      "category": "suspicious",
      "count": 0,
      "description": "assigning the dotimes count variable inside the body, which cannot change the iteration count",
      "rule": "dotimes-bound-mutation-has-no-effect"
    },
    {
      "category": "malformed",
      "count": 0,
      "description": "a loop variable clause after a main clause, or a named clause that is not first",
      "rule": "loop-clause-order-violation"
    },
    {
      "category": "malformed",
      "count": 0,
      "description": "a loop for-across clause over a value that is provably a list, not a vector",
      "rule": "loop-for-across-statically-known-list"
    },
    {
      "category": "malformed",
      "count": 0,
      "description": "two loop accumulation clauses building incompatible kinds into the same into variable",
      "rule": "loop-into-accumulator-kind-conflict"
    },
    {
      "category": "dead-code",
      "count": 0,
      "description": "a loop epilogue form after a finally clause that already returns",
      "rule": "loop-unreachable-finally-clause"
    },
    {
      "category": "dead-code",
      "count": 0,
      "description": "a test disabled in place rather than removed",
      "rule": "disabled-test-left-in"
    },
    {
      "category": "duplicate",
      "count": 0,
      "description": "two test definitions in one file sharing a name",
      "rule": "duplicate-test-name"
    },
    {
      "category": "suspicious",
      "count": 0,
      "description": "a test definition with an empty body",
      "rule": "empty-test-body"
    },
    {
      "category": "suspicious",
      "count": 0,
      "description": "a sleep-family call inside a test body",
      "rule": "sleep-in-test"
    },
    {
      "category": "suspicious",
      "count": 0,
      "description": "a test assertion on a constant that can never fail",
      "rule": "test-asserts-constant"
    },
    {
      "category": "suspicious",
      "count": 0,
      "description": "a test definition whose body contains no assertion form",
      "rule": "test-without-assertion"
    },
    {
      "category": "concurrency",
      "count": 0,
      "description": "a swap!/alter update function with a side effect, which its retries repeat",
      "rule": "atom-swap-with-side-effect"
    },
    {
      "category": "concurrency",
      "count": 0,
      "description": "a thread body reading a special its enclosing let rebinds, which does not carry over",
      "rule": "dynamic-var-bound-across-thread-boundary"
    },
    {
      "category": "concurrency",
      "count": 0,
      "description": "a future or promise bound by let and never mentioned, discarding its value and errors",
      "rule": "future-promise-never-realized"
    },
    {
      "category": "resource",
      "count": 0,
      "description": "a manually acquired lock with no unwind-protect to release it on a non-local exit",
      "rule": "lock-acquired-not-released"
    },
    {
      "category": "concurrency",
      "count": 0,
      "description": "the same non-recursive lock taken again inside its own scope, a deadlock risk",
      "rule": "recursive-lock-reentry-risk"
    },
    {
      "category": "concurrency",
      "count": 0,
      "description": "a thread body that inlines work with no handler, so an error in it is lost",
      "rule": "thread-spawned-without-error-handler"
    },
    {
      "category": "concurrency",
      "count": 0,
      "description": "a global written inside a thread body with no lock held, which races",
      "rule": "unsynchronized-shared-mutation"
    },
    {
      "category": "object-system",
      "count": 0,
      "description": "a primary asdf perform method on load-op or compile-op that never calls call-next-method",
      "rule": "asdf-perform-without-call-next-method"
    },
    {
      "category": "suspicious",
      "count": 0,
      "description": "a defsystem whose :depends-on names the system itself",
      "rule": "asdf-self-referential-depends-on"
    },
    {
      "category": "suspicious",
      "count": 0,
      "description": "a file that declares a package and defines symbols but never enters it",
      "rule": "defpackage-without-in-package"
    },
    {
      "category": "suspicious",
      "count": 0,
      "description": "a nested block reusing an outer block's name",
      "rule": "block-name-shadows-outer-block"
    },
    {
      "category": "portability",
      "count": 0,
      "description": "a dotimes or dolist iteration variable assigned inside the body",
      "rule": "dotimes-dolist-index-var-mutated"
    },
    {
      "category": "suspicious",
      "count": 0,
      "description": "a go targeting a tag no enclosing tagbody establishes",
      "rule": "go-to-undefined-tag"
    },
    {
      "category": "dead-code",
      "count": 0,
      "description": "a multiple-value-bind none of whose variables the body references",
      "rule": "multiple-value-bind-all-ignored"
    },
    {
      "category": "suspicious",
      "count": 0,
      "description": "a return-from naming a block that does not lexically enclose it",
      "rule": "return-from-unmatched-block"
    },
    {
      "category": "suspicious",
      "count": 0,
      "description": "a return with no enclosing form establishing the implicit nil block",
      "rule": "return-outside-implicit-nil-block"
    },
    {
      "category": "dead-code",
      "count": 0,
      "description": "a tagbody label no go in the form ever targets",
      "rule": "tagbody-unreachable-tag"
    },
    {
      "category": "suspicious",
      "count": 0,
      "description": "a case/ecase/ccase clause keyed on a string or float literal, which eql does not match dependably",
      "rule": "case-key-eql-pitfall"
    },
    {
      "category": "suspicious",
      "count": 0,
      "description": "a cond whose every test compares one variable against a literal (case says it directly)",
      "rule": "cond-to-case-candidate"
    },
    {
      "category": "suspicious",
      "count": 0,
      "description": "a cond whose final t clause holds only another cond, which splices into the outer clause list",
      "rule": "nested-cond-flattenable"
    },
    {
      "category": "suspicious",
      "count": 0,
      "description": "a when/unless value used as an argument to an operator that requires a number",
      "rule": "when-unless-implicit-nil-misused"
    },
    {
      "category": "security",
      "count": 0,
      "description": "a format control string built or supplied at runtime, so a ~/pkg:fn/ directive in it calls an arbitrary function",
      "rule": "format-tilde-slash-unvalidated-function-designator"
    },
    {
      "category": "security",
      "count": 0,
      "description": "a fixed, predictable filename opened for writing under a world-writable temporary directory",
      "rule": "insecure-temp-file-fixed-name-shared-directory"
    },
    {
      "category": "security",
      "count": 0,
      "description": "a filename concatenated from a literal base directory and an unchecked value, opened without resolving it",
      "rule": "path-traversal-via-concatenated-filename"
    },
    {
      "category": "security",
      "count": 0,
      "description": "*read-eval* explicitly set or bound to t, re-arming #. evaluation inside read",
      "rule": "read-eval-star-rebound-to-t"
    },
    {
      "category": "security",
      "count": 0,
      "description": "a SQL statement assembled from a value, so the value becomes statement syntax rather than data",
      "rule": "sql-query-string-built-via-format"
    },
    {
      "category": "security",
      "count": 0,
      "description": "an explicit octal permission argument that grants write access to every user on the host",
      "rule": "world-writable-file-mode-in-open-call"
    },
    {
      "category": "performance",
      "count": 0,
      "description": "a map over the result of another map, which walks and allocates a whole intermediate sequence",
      "rule": "redundant-full-sequence-traversal-fusable-maps"
    },
    {
      "category": "performance",
      "count": 0,
      "description": "a full sort whose result is only read at one end, where a single linear pass would do",
      "rule": "unnecessary-sort-before-extremum-extraction"
    },
    {
      "category": "portability",
      "count": 0,
      "description": "a loop over character codes 0-255, which is the whole character set only where char-code-limit is 256",
      "rule": "char-code-limit-loop-assumption"
    },
    {
      "category": "portability",
      "count": 0,
      "description": "a pathname rendered to a string and handed straight to a filesystem call, which assumes the rendering parses back unchanged",
      "rule": "namestring-round-trip-assumption"
    },
    {
      "category": "portability",
      "count": 0,
      "description": "a sequence sorted twice by different orderings, where the outer pass is the unstable `sort`",
      "rule": "sort-not-guaranteed-stable"
    },
    {
      "category": "suspicious",
      "count": 0,
      "description": "an flet/labels or nested-defun parameter reusing an enclosing function's parameter name",
      "rule": "nested-function-parameter-shadows-enclosing-parameter"
    },
    {
      "category": "documentation",
      "count": 0,
      "description": "a docstring example calling its own definition with an argument count the lambda list rejects",
      "rule": "docstring-example-stale-arity"
    },
    {
      "category": "suspicious",
      "count": 0,
      "description": "a defn :pre/:post vector that is empty or all literal true, so it asserts nothing",
      "rule": "clojure-pre-post-vacuous"
    },
    {
      "category": "arity",
      "count": 0,
      "description": "a Typed Racket (: name (-> ...)) annotation whose arrow arity disagrees with the define",
      "rule": "typed-racket-arity-mismatch"
    },
    {
      "category": "security",
      "count": 0,
      "description": "an intern whose package argument is a computed expression, so the target package is not statically knowable",
      "rule": "intern-dynamic-package-target"
    },
    {
      "category": "suspicious",
      "count": 0,
      "description": "a lookup that answers nil when not found, applied by funcall/apply with no opportunity to check it",
      "rule": "introspection-probe-unchecked"
    },
    {
      "category": "security",
      "count": 0,
      "description": "a function definition installed under a name built by intern, which no search can connect to its callers",
      "rule": "symbol-function-fset-dynamic-name"
    },
    {
      "category": "dead-code",
      "count": 0,
      "description": "a destructuring-bind that binds a &whole variable and never references it",
      "rule": "destructuring-bind-unused-whole"
    },
    {
      "category": "suspicious",
      "count": 0,
      "description": "a loop whose only collect ... into accumulator is returned unchanged by finally (return acc), which plain collect already does",
      "rule": "loop-collect-into-immediately-returned"
    },
    {
      "category": "suspicious",
      "count": 0,
      "description": "an flet/labels defining one local function whose only use is a tail call that is the whole body",
      "rule": "flet-single-use-inlinable"
    },
    {
      "category": "suspicious",
      "count": 0,
      "description": "a multiple-value-setq whose variable list is a different length from its literal (values ...) right-hand side",
      "rule": "multiple-value-setq-arity-mismatch"
    },
    {
      "category": "suspicious",
      "count": 0,
      "description": "an open or with-open-file with an explicit :direction :input, which is already the default ((open p :direction :input) is (open p))",
      "rule": "with-open-file-redundant-direction-default"
    },
    {
      "category": "declaration",
      "count": 0,
      "description": "a declaimed ftype whose (values ...) return arity is larger than the arity its defun's final literal (values ...) returns",
      "rule": "ftype-values-arity-mismatch"
    },
    {
      "category": "suspicious",
      "count": 0,
      "description": "a with-slots/with-accessors with an empty binding list, which is just progn ((with-slots () o body) is (progn o body))",
      "rule": "with-accessors-empty-binding-list"
    },
    {
      "category": "malformed",
      "count": 0,
      "description": "a quoted form containing a , or ,@ with no enclosing backquote, which Common Lisp refuses to read",
      "rule": "quoted-form-contains-stray-unquote"
    },
    {
      "category": "suspicious",
      "count": 0,
      "description": "an element read by position out of a hash table's iteration, whose order is unspecified",
      "rule": "hash-table-iteration-order-assumed"
    },
    {
      "category": "performance",
      "count": 0,
      "description": "a member against a long literal list of symbols, which is a set in disguise",
      "rule": "set-membership-via-linear-scan"
    },
    {
      "category": "suspicious",
      "count": 0,
      "description": "nested gets reading one path, which is get-in ((get (get m :a) :b) is (get-in m [:a :b]))",
      "rule": "nested-get-chain"
    },
    {
      "category": "suspicious",
      "count": 0,
      "description": "an into onto an empty vector or set, which is a direct conversion ((into [] coll) is (vec coll))",
      "rule": "redundant-into-empty-collection"
    },
    {
      "category": "numeric-precision",
      "count": 0,
      "description": "a single-float literal beside a double-float literal in one arithmetic form, capping the result at single precision",
      "rule": "mixed-float-precision-arithmetic"
    },
    {
      "category": "numeric-precision",
      "count": 0,
      "description": "an Emacs Lisp integer division whose quotient truncates to zero, discarding the value",
      "rule": "division-result-precision-loss"
    },
    {
      "category": "numeric-precision",
      "count": 0,
      "description": "a do loop stepping an inexact float that terminates on = or eql rather than an ordered comparison",
      "rule": "epsilon-less-float-loop-bound"
    },
    {
      "category": "numeric-precision",
      "count": 0,
      "description": "a float coercion immediately discarded by a truncate/floor/ceiling/round around it",
      "rule": "redundant-precision-coercion"
    },
    {
      "category": "malformed",
      "count": 0,
      "description": "a ~ directive in a literal format control string that CLHS 22.3 does not define",
      "rule": "format-unknown-directive"
    },
    {
      "category": "suspicious",
      "count": 0,
      "description": "a ~%~& in a literal format control string, where the ~& is already at the start of a line",
      "rule": "format-percent-ampersand-adjacent-redundancy"
    },
    {
      "category": "malformed",
      "count": 0,
      "description": "an unbalanced ~[ ~{ ~< ~( bracketing construct in a literal format control string",
      "rule": "format-nested-directive-unbalanced"
    },
    {
      "category": "suspicious",
      "count": 0,
      "description": "a top-level in-package that re-enters a package the file had already left",
      "rule": "package-circular-in-package-chain"
    },
    {
      "category": "arity",
      "count": 0,
      "description": "an interactive spec that supplies fewer arguments than the lambda list requires",
      "rule": "elisp-interactive-arity-mismatch"
    },
    {
      "category": "suspicious",
      "count": 0,
      "description": "save-excursion wrapping set-buffer, which saves point in the buffer it then leaves",
      "rule": "elisp-save-excursion-set-buffer"
    },
    {
      "category": "suspicious",
      "count": 0,
      "description": "a require of the obsolete cl package, which prints a deprecation notice when loaded",
      "rule": "elisp-require-obsolete-cl"
    },
    {
      "category": "portability",
      "count": 0,
      "description": "a filesystem call whose designator is a string glued together around a path separator",
      "rule": "pathname-built-by-concatenation"
    },
    {
      "category": "suspicious",
      "count": 0,
      "description": "a file opened for output with no :if-exists, so an existing file signals file-error",
      "rule": "output-stream-without-if-exists"
    },
    {
      "category": "suspicious",
      "count": 0,
      "description": "a pathname component compared with string=/equal against a literal, which the host's case defeats",
      "rule": "pathname-component-compared-case-sensitively"
    },
    {
      "category": "suspicious",
      "count": 0,
      "description": "a (directory \"…/\") whose pathspec has no wildcard, so it matches only the directory itself",
      "rule": "directory-without-wild-component"
    },
    {
      "category": "resource",
      "count": 0,
      "description": "a with-open-file whose result is a closure over, or an aggregate holding, the stream it closed",
      "rule": "with-open-file-result-captures-stream"
    },
    {
      "category": "resource",
      "count": 0,
      "description": "a with-open whose value is a lazy sequence over the resource it closes",
      "rule": "with-open-returns-lazy-seq"
    },
    {
      "category": "suspicious",
      "count": 0,
      "description": "a def/defn/defonce inside a function body, which interns a namespace Var at call time",
      "rule": "def-inside-function-body"
    },
    {
      "category": "allocation",
      "count": 0,
      "description": "an assoc-in/update-in/get-in whose path holds one key, which the direct operator says",
      "rule": "single-key-nested-path"
    },
    {
      "category": "allocation",
      "count": 0,
      "description": "an apply whose argument sequence is a literal, so the call can be written directly",
      "rule": "apply-with-literal-collection"
    },
    {
      "category": "suspicious",
      "count": 0,
      "description": "a begin wrapping a single expression, which is just that expression",
      "rule": "scheme-begin-single-form"
    },
    {
      "category": "suspicious",
      "count": 0,
      "description": "a let* whose initializers are all literals or free references, so no binding depends on another",
      "rule": "scheme-let-star-independent-bindings"
    },
    {
      "category": "portability",
      "count": 0,
      "description": "memq or assq searching for a number or character literal, which R7RS 6.4 leaves unspecified",
      "rule": "scheme-memq-assq-literal-key"
    },
    {
      "category": "dead-code",
      "count": 0,
      "description": "a named let whose loop name is never mentioned in its body, so it can never iterate",
      "rule": "scheme-named-let-never-recurs"
    },
    {
      "category": "suspicious",
      "count": 0,
      "description": "a Fennel or Janet `var` binding that nothing ever assigns to",
      "rule": "var-never-set"
    },
    {
      "category": "portability",
      "count": 0,
      "description": "a Fennel special the language reference lists under \"Deprecated Forms\"",
      "rule": "fennel-deprecated-form"
    },
    {
      "category": "suspicious",
      "count": 0,
      "description": "a Fennel `each` whose iterator position holds a literal that cannot be called",
      "rule": "fennel-each-over-non-iterator"
    },
    {
      "category": "suspicious",
      "count": 0,
      "description": "a Janet `loop`, `seq`, or `catseq` whose body is empty",
      "rule": "janet-empty-loop-body"
    },
    {
      "category": "suspicious",
      "count": 0,
      "description": "a Janet mutating call whose target is a tuple, struct, or string literal",
      "rule": "janet-mutating-immutable-literal"
    },
    {
      "category": "malformed",
      "count": 0,
      "description": "a (declare ...) after the first body form, where it is a call to an undefined function",
      "rule": "declare-not-at-head-of-body"
    },
    {
      "category": "declaration",
      "count": 0,
      "description": "a (declaim ...) among a body's leading declarations, where (declare ...) was meant",
      "rule": "declaim-inside-body"
    },
    {
      "category": "declaration",
      "count": 0,
      "description": "a let binding whose declared type cannot contain the literal it is initialised to",
      "rule": "type-declaration-contradicts-initform"
    },
    {
      "category": "declaration",
      "count": 0,
      "description": "a (the TYPE EXPR) whose declared type cannot contain the value the expression plainly is",
      "rule": "the-form-with-impossible-type"
    },
    {
      "category": "declaration",
      "count": 0,
      "description": "a &rest parameter declared to be its element type, though it is always bound to a list",
      "rule": "type-declaration-on-rest-parameter"
    },
    {
      "category": "suspicious",
      "count": 0,
      "description": "a top-level eval-when naming :execute but neither top-level situation, wrapping a definition",
      "rule": "eval-when-execute-only"
    },
    {
      "category": "dead-code",
      "count": 0,
      "description": "a non-top-level eval-when naming only situations the standard ignores there, so its body never runs",
      "rule": "eval-when-body-never-runs"
    },
    {
      "category": "suspicious",
      "count": 0,
      "description": "a defconstant whose initform allocates, so the compile-time and load-time values are not eql",
      "rule": "defconstant-non-eql-value"
    },
    {
      "category": "suspicious",
      "count": 0,
      "description": "a Hy parameter default that every call shares, because Python evaluates it once",
      "rule": "hy-mutable-default-argument"
    },
    {
      "category": "suspicious",
      "count": 0,
      "description": "`is` compared against a value literal, which tests object identity, not equality",
      "rule": "hy-identity-comparison-with-literal"
    },
    {
      "category": "conditions",
      "count": 0,
      "description": "`(except [] …)` catches every BaseException, Ctrl-C and SystemExit included",
      "rule": "hy-bare-except"
    },
    {
      "category": "portability",
      "count": 0,
      "description": "a threading macro Carp's standard library marks deprecated",
      "rule": "carp-deprecated-thread-macro"
    },
    {
      "category": "suspicious",
      "count": 0,
      "description": "a loop clause joined by `and` whose initial value reads a variable bound in parallel with it",
      "rule": "loop-parallel-binding-reads-sibling"
    },
    {
      "category": "dead-code",
      "count": 0,
      "description": "a loop accumulation whose `into` variable nothing reads, so the loop returns nil",
      "rule": "loop-into-accumulator-never-read"
    },
    {
      "category": "dead-code",
      "count": 0,
      "description": "a loop whose implicit accumulation is discarded by a `finally (return …)`",
      "rule": "loop-accumulation-discarded-by-finally-return"
    },
    {
      "category": "object-system",
      "count": 0,
      "description": "a (:method ...) option whose lambda list CLHS 7.6.4 will not let its own defgeneric accept",
      "rule": "defgeneric-method-option-incongruent"
    },
    {
      "category": "object-system",
      "count": 0,
      "description": "a primary initialize-instance or shared-initialize method that never calls call-next-method",
      "rule": "initialization-primary-without-call-next-method"
    },
    {
      "category": "object-system",
      "count": 0,
      "description": "a :allocation :class slot that also accepts an :initarg, so one construction rewrites every instance",
      "rule": "class-allocated-slot-with-initarg"
    },
    {
      "category": "dead-code",
      "count": 0,
      "description": "a let/let*/flet/labels binding that nothing in its body reads",
      "rule": "unused-local-binding"
    },
    {
      "category": "suspicious",
      "count": 0,
      "description": "a BOA constructor binding a slot as a bare &aux variable, leaving it uninitialized",
      "rule": "defstruct-boa-aux-uninitialized-slot"
    },
    {
      "category": "malformed",
      "count": 0,
      "description": "a defstruct whose :include names a structure declared with a different :type",
      "rule": "defstruct-include-type-mismatch"
    },
    {
      "category": "suspicious",
      "count": 0,
      "description": "a literal string key on a hash table whose eq/eql test compares by identity",
      "rule": "hash-table-literal-string-key-under-eql"
    },
    {
      "category": "malformed",
      "count": 0,
      "description": "a make-array supplying both :initial-element and :initial-contents",
      "rule": "make-array-conflicting-initializers"
    },
    {
      "category": "suspicious",
      "count": 0,
      "description": "a maphash body that adds or removes an entry other than the one being processed",
      "rule": "maphash-mutates-other-entry"
    },
    {
      "category": "malformed",
      "count": 0,
      "description": "a vector-push on a vector made with no :fill-pointer",
      "rule": "vector-push-without-fill-pointer"
    },
    {
      "category": "dead-code",
      "count": 0,
      "description": "a match clause an earlier catch-all pattern makes unreachable",
      "rule": "racket-match-unreachable-clause"
    },
    {
      "category": "allocation",
      "count": 0,
      "description": "a for/list-family comprehension whose container is built and then dropped",
      "rule": "racket-for-comprehension-value-discarded"
    },
    {
      "category": "suspicious",
      "count": 0,
      "description": "a begin0 wrapping a single expression, which is just that expression",
      "rule": "racket-begin0-single-form"
    },
    {
      "category": "suspicious",
      "count": 0,
      "description": "a case-lambda with one clause, which is a lambda written the long way",
      "rule": "racket-case-lambda-single-clause"
    },
    {
      "category": "suspicious",
      "count": 0,
      "description": "a parameterize whose binding list is empty, so it rebinds nothing",
      "rule": "racket-parameterize-empty-bindings"
    },
    {
      "category": "suspicious",
      "count": 0,
      "description": "a process filter parsing its string argument as a complete message",
      "rule": "elisp-process-filter-assumes-whole-output"
    },
    {
      "category": "resource",
      "count": 0,
      "description": "a repeating timer whose returned handle is discarded, leaving nothing to cancel it with",
      "rule": "elisp-repeating-timer-handle-discarded"
    },
    {
      "category": "concurrency",
      "count": 0,
      "description": "a core.async blocking op (<!!, >!!, alts!!, alt!!) reached from a go body, which can deplete the fixed go-block thread pool",
      "rule": "go-block-blocking-channel-op"
    },
    {
      "category": "concurrency",
      "count": 0,
      "description": "a core.async parking op (<!, >!, alts!, alt!) inside a go body but behind a function or thread boundary the go transform does not rewrite",
      "rule": "parking-op-outside-go-machinery"
    },
    {
      "category": "suspicious",
      "count": 0,
      "description": "a contains? whose collection is a sequence, or a literal vector asked about a non-index key, so the call can never answer true",
      "rule": "contains-on-non-associative"
    },
    {
      "category": "concurrency",
      "count": 0,
      "description": "an atom/ref/volatile operator applied to a local bound to a different reference constructor, which throws ClassCastException",
      "rule": "reference-type-operator-mismatch"
    }
  ],
  "policy": {
    "fail_on_finding": false,
    "passed": true,
    "violations": []
  },
  "schema_version": 1
}
